bundle : C:/Ruby34-x64/lib/ruby/gems/3.4.0/gems/bootsnap
-1.20.1/lib/bootsnap.rb:147: warning: method redefined; 
discarding old rb_get_path
At line:1 char:1
+ bundle exec rspec 2>&1 > test_output.txt; Get-Content 
test_output.txt ...
+ ~~~~~~~~~~~~~~~~~~~~~~~~~~~~~~~~~~~~~~~~
    + CategoryInfo          : NotSpecified: (C:/Ruby34- 
   x64/l...old rb_get_path:String) [], RemoteException
    + FullyQualifiedErrorId : NativeCommandError
 

(process:16620): VIPS-WARNING **: 14:21:35.980: unable 
to load "C:\Ruby34-x64\msys64\ucrt64/lib/vips-modules-8.
17\vips-heif.dll" -- 'C:\Ruby34-x64\msys64\ucrt64/lib/vi
ps-modules-8.17\vips-heif.dll': The specified module 
could not be found.

(process:16620): VIPS-WARNING **: 14:21:35.980: unable 
to load "C:\Ruby34-x64\msys64\ucrt64/lib/vips-modules-8.
17\vips-jxl.dll" -- 'C:\Ruby34-x64\msys64\ucrt64/lib/vip
s-modules-8.17\vips-jxl.dll': The specified module 
could not be found.

(process:16620): VIPS-WARNING **: 14:21:35.980: unable 
to load "C:\Ruby34-x64\msys64\ucrt64/lib/vips-modules-8.
17\vips-magick.dll" -- 'C:\Ruby34-x64\msys64\ucrt64/lib/
vips-modules-8.17\vips-magick.dll': The specified 
module could not be found.

(process:16620): VIPS-WARNING **: 14:21:35.984: unable 
to load "C:\Ruby34-x64\msys64\ucrt64/lib/vips-modules-8.
17\vips-openslide.dll" -- 'C:\Ruby34-x64\msys64\ucrt64/l
ib/vips-modules-8.17\vips-openslide.dll': The specified 
module could not be found.

(process:16620): VIPS-WARNING **: 14:21:35.984: unable 
to load "C:\Ruby34-x64\msys64\ucrt64/lib/vips-modules-8.
17\vips-poppler.dll" -- 'C:\Ruby34-x64\msys64\ucrt64/lib
/vips-modules-8.17\vips-poppler.dll': The specified 
module could not be found.
C:/Ruby34-x64/lib/ruby/3.4.0/win32/registry.rb:2: 
warning: C:/Ruby34-x64/lib/ruby/3.4.0/fiddle/import.rb 
is found in fiddle, which will no longer be part of the 
default gems starting from Ruby 4.0.0.
You can add fiddle to your Gemfile or gemspec to 
silence this warning.
C:/Ruby34-x64/lib/ruby/gems/3.4.0/gems/capybara-3.40.0/l
ib/capybara/session/config.rb:95: warning: 
URI::RFC3986_PARSER.make_regexp is obsolete. Use 
URI::RFC2396_PARSER.make_regexp explicitly.
C:/Ruby34-x64/lib/ruby/gems/3.4.0/gems/turbo-rails-2.0.2
0/lib/turbo/engine.rb:148: warning: method redefined; 
discarding old accept_header
C:/Ruby34-x64/lib/ruby/gems/3.4.0/gems/turbo-rails-2.0.2
0/lib/turbo/engine.rb:148: warning: previous definition 
of accept_header was here
C:/Ruby34-x64/lib/ruby/gems/3.4.0/gems/turbo-rails-2.0.2
0/lib/turbo/engine.rb:148: warning: method redefined; 
discarding old accept_header
C:/Ruby34-x64/lib/ruby/gems/3.4.0/gems/turbo-rails-2.0.2
0/lib/turbo/engine.rb:148: warning: previous definition 
of accept_header was here
C:/Ruby34-x64/lib/ruby/gems/3.4.0/gems/turbo-rails-2.0.2
0/lib/turbo/engine.rb:148: warning: method redefined; 
discarding old accept_header
C:/Ruby34-x64/lib/ruby/gems/3.4.0/gems/turbo-rails-2.0.2
0/lib/turbo/engine.rb:148: warning: previous definition 
of accept_header was here

Randomized with seed 29786
C:/Ruby34-x64/lib/ruby/gems/3.4.0/gems/rspec-rails-8.0.2
/lib/rspec/rails/matchers/have_http_status.rb:219: 
warning: Status code :unprocessable_entity is 
deprecated and will be removed in a future version of 
Rack. Please use :unprocessable_content instead.
C:/Ruby34-x64/lib/ruby/gems/3.4.0/gems/rspec-rails-8.0.2
/lib/rspec/rails/matchers/have_http_status.rb:219: 
warning: Status code :unprocessable_entity is 
deprecated and will be removed in a future version of 
Rack. Please use :unprocessable_content instead.
C:/Ruby34-x64/lib/ruby/gems/3.4.0/gems/rspec-rails-8.0.2
/lib/rspec/rails/matchers/have_http_status.rb:219: 
warning: Status code :unprocessable_entity is 
deprecated and will be removed in a future version of 
Rack. Please use :unprocessable_content instead.
C:/Ruby34-x64/lib/ruby/3.4.0/delegate.rb:84: warning: 
the block passed to 'WeakRef#__getobj__' defined at 
C:/Ruby34-x64/lib/ruby/3.4.0/weakref.rb:44 may be 
ignored
.........FFFFFFFFFFFFFFFFFFF..................FFFFFFFFFFFFFFFFFFFFFFFFFFFFFFFFFF...FFFFFFFFFFFFFFFFF.FFF.F..........

Failures:

  1) Timeline System Tests Timeline item expand/collapse (Stimulus) shows details when item is expanded
     Failure/Error: let(:status_update) { create(:status_update, title: 'Test Application') }

     NoMethodError:
       undefined method 'title=' for an instance of StatusUpdate
     # ./spec/system/timeline_spec.rb:31:in 'block (2 levels) in <main>'
     # ./spec/system/timeline_spec.rb:120:in 'block (3 levels) in <main>'

  2) Timeline System Tests Timeline item expand/collapse (Stimulus) collapses item when clicked again
     Failure/Error: let(:status_update) { create(:status_update, title: 'Test Application') }

     NoMethodError:
       undefined method 'title=' for an instance of StatusUpdate
     # ./spec/system/timeline_spec.rb:31:in 'block (2 levels) in <main>'
     # ./spec/system/timeline_spec.rb:120:in 'block (3 levels) in <main>'

  3) Timeline System Tests Timeline item expand/collapse (Stimulus) arrow indicator rotates on expand/collapse
     Failure/Error: let(:status_update) { create(:status_update, title: 'Test Application') }

     NoMethodError:
       undefined method 'title=' for an instance of StatusUpdate
     # ./spec/system/timeline_spec.rb:31:in 'block (2 levels) in <main>'
     # ./spec/system/timeline_spec.rb:120:in 'block (3 levels) in <main>'

  4) Timeline System Tests Timeline item expand/collapse (Stimulus) preserves expanded state when Turbo updates
     Failure/Error: let(:status_update) { create(:status_update, title: 'Test Application') }

     NoMethodError:
       undefined method 'title=' for an instance of StatusUpdate
     # ./spec/system/timeline_spec.rb:31:in 'block (2 levels) in <main>'
     # ./spec/system/timeline_spec.rb:120:in 'block (3 levels) in <main>'

  5) Timeline System Tests Timeline item expand/collapse (Stimulus) shows expandable items with summaries
     Failure/Error: let(:status_update) { create(:status_update, title: 'Test Application') }

     NoMethodError:
       undefined method 'title=' for an instance of StatusUpdate
     # ./spec/system/timeline_spec.rb:31:in 'block (2 levels) in <main>'
     # ./spec/system/timeline_spec.rb:120:in 'block (3 levels) in <main>'

  6) Timeline System Tests Timeline item expand/collapse (Stimulus) timeline items are rendered
     Failure/Error: let(:status_update) { create(:status_update, title: 'Test Application') }

     NoMethodError:
       undefined method 'title=' for an instance of StatusUpdate
     # ./spec/system/timeline_spec.rb:31:in 'block (2 levels) in <main>'
     # ./spec/system/timeline_spec.rb:120:in 'block (3 levels) in <main>'

  7) Timeline System Tests Timeline item expand/collapse (Stimulus) only affects clicked item, not others
     Failure/Error: let(:status_update) { create(:status_update, title: 'Test Application') }

     NoMethodError:
       undefined method 'title=' for an instance of StatusUpdate
     # ./spec/system/timeline_spec.rb:31:in 'block (2 levels) in <main>'
     # ./spec/system/timeline_spec.rb:120:in 'block (3 levels) in <main>'

  8) Timeline System Tests Accessibility timeline has proper ARIA labels
     Failure/Error: let(:status_update) { create(:status_update, title: 'Test Application') }

     NoMethodError:
       undefined method 'title=' for an instance of StatusUpdate
     # ./spec/system/timeline_spec.rb:31:in 'block (2 levels) in <main>'
     # ./spec/system/timeline_spec.rb:324:in 'block (3 levels) in <main>'

  9) Timeline System Tests Accessibility timestamp text is readable
     Failure/Error: let(:status_update) { create(:status_update, title: 'Test Application') }

     NoMethodError:
       undefined method 'title=' for an instance of StatusUpdate
     # ./spec/system/timeline_spec.rb:31:in 'block (2 levels) in <main>'
     # ./spec/system/timeline_spec.rb:324:in 'block (3 levels) in <main>'

  10) Timeline System Tests Accessibility expand/collapse is keyboard accessible
      Failure/Error: let(:status_update) { create(:status_update, title: 'Test Application') }

      NoMethodError:
        undefined method 'title=' for an instance of StatusUpdate
      # ./spec/system/timeline_spec.rb:31:in 'block (2 levels) in <main>'
      # ./spec/system/timeline_spec.rb:324:in 'block (3 levels) in <main>'

  11) Timeline System Tests Real-world scenarios user journey: application submission to approval
      Failure/Error: let(:status_update) { create(:status_update, title: 'Test Application') }

      NoMethodError:
        undefined method 'title=' for an instance of StatusUpdate
      # ./spec/system/timeline_spec.rb:31:in 'block (2 levels) in <main>'
      # ./spec/system/timeline_spec.rb:238:in 'block (3 levels) in <main>'

  12) Timeline System Tests Real-world scenarios handles applications with many status changes
      Failure/Error: let(:status_update) { create(:status_update, title: 'Test Application') }

      NoMethodError:
        undefined method 'title=' for an instance of StatusUpdate
      # ./spec/system/timeline_spec.rb:31:in 'block (2 levels) in <main>'
      # ./spec/system/timeline_spec.rb:297:in 'block (4 levels) in <main>'
      # ./spec/system/timeline_spec.rb:295:in 'Range#each'
      # ./spec/system/timeline_spec.rb:295:in 'block (3 levels) in <main>'

  13) Timeline System Tests Viewing a status update timeline with no changes shows an empty timeline
      Failure/Error: let(:status_update) { create(:status_update, title: 'Test Application') }

      NoMethodError:
        undefined method 'title=' for an instance of StatusUpdate
      # ./spec/system/timeline_spec.rb:31:in 'block (2 levels) in <main>'
      # ./spec/system/timeline_spec.rb:42:in 'block (4 levels) in <main>'

  14) Timeline System Tests Viewing a status update timeline with no changes shows the status update detail page
      Failure/Error: let(:status_update) { create(:status_update, title: 'Test Application') }

      NoMethodError:
        undefined method 'title=' for an instance of StatusUpdate
      # ./spec/system/timeline_spec.rb:31:in 'block (2 levels) in <main>'
      # ./spec/system/timeline_spec.rb:36:in 'block (4 levels) in <main>'

  15) Timeline System Tests Viewing a status update timeline with status changes displays changes in chronological order
      Failure/Error: let(:status_update) { create(:status_update, title: 'Test Application') }

      NoMethodError:
        undefined method 'title=' for an instance of StatusUpdate
      # ./spec/system/timeline_spec.rb:31:in 'block (2 levels) in <main>'
      # ./spec/system/timeline_spec.rb:53:in 'block (4 levels) in <main>'

  16) Timeline System Tests Viewing a status update timeline with status changes has proper semantic HTML
      Failure/Error: let(:status_update) { create(:status_update, title: 'Test Application') }

      NoMethodError:
        undefined method 'title=' for an instance of StatusUpdate
      # ./spec/system/timeline_spec.rb:31:in 'block (2 levels) in <main>'
      # ./spec/system/timeline_spec.rb:53:in 'block (4 levels) in <main>'

  17) Timeline System Tests Viewing a status update timeline with status changes displays reasons when provided
      Failure/Error: let(:status_update) { create(:status_update, title: 'Test Application') }

      NoMethodError:
        undefined method 'title=' for an instance of StatusUpdate
      # ./spec/system/timeline_spec.rb:31:in 'block (2 levels) in <main>'
      # ./spec/system/timeline_spec.rb:53:in 'block (4 levels) in <main>'

  18) Timeline System Tests Viewing a status update timeline with status changes displays timestamps for each change
      Failure/Error: let(:status_update) { create(:status_update, title: 'Test Application') }

      NoMethodError:
        undefined method 'title=' for an instance of StatusUpdate
      # ./spec/system/timeline_spec.rb:31:in 'block (2 levels) in <main>'
      # ./spec/system/timeline_spec.rb:53:in 'block (4 levels) in <main>'

  19) Timeline System Tests Viewing a status update timeline with status changes displays all status changes
      Failure/Error: let(:status_update) { create(:status_update, title: 'Test Application') }

      NoMethodError:
        undefined method 'title=' for an instance of StatusUpdate
      # ./spec/system/timeline_spec.rb:31:in 'block (2 levels) in <main>'
      # ./spec/system/timeline_spec.rb:53:in 'block (4 levels) in <main>'

  20) Timeline API Response format consistency returns array in data, not nested object
      Failure/Error: create(:status_change, status_update: status_update)

      KeyError:
        Factory not registered: "status_change"
      # ./spec/requests/api_v1_timeline_spec.rb:207:in 'block (3 levels) in <main>'
      # ------------------
      # --- Caused by: ---
      # KeyError:
      #   key not found: "status_change"
      #   ./spec/requests/api_v1_timeline_spec.rb:207:in 'block (3 levels) in <main>'

  21) Timeline API Response format consistency uses data envelope pattern (consistent with other API endpoints)
      Failure/Error: get api_v1_status_update_timeline_path(status_update)

      NoMethodError:
        undefined method 'api_v1_status_update_timeline_path' for #<RSpec::ExampleGroups::TimelineAPI::ResponseFormatConsistency:0x000002d2dad9c588>
      # ./spec/requests/api_v1_timeline_spec.rb:199:in 'block (3 levels) in <main>'

  22) Timeline API Timestamp formatting includes timezone information
      Failure/Error: change = create(:status_change, status_update: status_update)

      KeyError:
        Factory not registered: "status_change"
      # ./spec/requests/api_v1_timeline_spec.rb:230:in 'block (3 levels) in <main>'
      # ------------------
      # --- Caused by: ---
      # KeyError:
      #   key not found: "status_change"
      #   ./spec/requests/api_v1_timeline_spec.rb:230:in 'block (3 levels) in <main>'

  23) Timeline API Timestamp formatting returns changed_at in ISO8601 format
      Failure/Error: change = create(:status_change, status_update: status_update)

      KeyError:
        Factory not registered: "status_change"
      # ./spec/requests/api_v1_timeline_spec.rb:220:in 'block (3 levels) in <main>'
      # ------------------
      # --- Caused by: ---
      # KeyError:
      #   key not found: "status_change"
      #   ./spec/requests/api_v1_timeline_spec.rb:220:in 'block (3 levels) in <main>'

  24) Timeline API Timestamp formatting matches the actual created_at time
      Failure/Error: change = create(:status_change, status_update: status_update)

      KeyError:
        Factory not registered: "status_change"
      # ./spec/requests/api_v1_timeline_spec.rb:240:in 'block (3 levels) in <main>'
      # ------------------
      # --- Caused by: ---
      # KeyError:
      #   key not found: "status_change"
      #   ./spec/requests/api_v1_timeline_spec.rb:240:in 'block (3 levels) in <main>'

  25) Timeline API GET /api/v1/status_updates/:id/timeline with an invalid status_update id returns 404 Not Found
      Failure/Error: get api_v1_status_update_timeline_path(99999)

      NoMethodError:
        undefined method 'api_v1_status_update_timeline_path' for #<RSpec::ExampleGroups::TimelineAPI::GETApiV1StatusUpdatesIdTimeline::WithAnInvalidStatusUpdateId:0x000002d2dae4f020>
      # ./spec/requests/api_v1_timeline_spec.rb:168:in 'block (4 levels) in <main>'

  26) Timeline API GET /api/v1/status_updates/:id/timeline with an invalid status_update id returns error response
      Failure/Error: get api_v1_status_update_timeline_path(99999)

      NoMethodError:
        undefined method 'api_v1_status_update_timeline_path' for #<RSpec::ExampleGroups::TimelineAPI::GETApiV1StatusUpdatesIdTimeline::WithAnInvalidStatusUpdateId:0x000002d2dae6d660>
      # ./spec/requests/api_v1_timeline_spec.rb:173:in 'block (4 levels) in <main>'

  27) Timeline API GET /api/v1/status_updates/:id/timeline with an invalid status_update id includes error code
      Failure/Error: get api_v1_status_update_timeline_path(99999)

      NoMethodError:
        undefined method 'api_v1_status_update_timeline_path' for #<RSpec::ExampleGroups::TimelineAPI::GETApiV1StatusUpdatesIdTimeline::WithAnInvalidStatusUpdateId:0x000002d2dae6c300>
      # ./spec/requests/api_v1_timeline_spec.rb:180:in 'block (4 levels) in <main>'

  28) Timeline API GET /api/v1/status_updates/:id/timeline with an invalid status_update id includes error message
      Failure/Error: get api_v1_status_update_timeline_path(99999)

      NoMethodError:
        undefined method 'api_v1_status_update_timeline_path' for #<RSpec::ExampleGroups::TimelineAPI::GETApiV1StatusUpdatesIdTimeline::WithAnInvalidStatusUpdateId:0x000002d2dae6afa0>
      # ./spec/requests/api_v1_timeline_spec.rb:187:in 'block (4 levels) in <main>'

  29) Timeline API GET /api/v1/status_updates/:id/timeline with a valid status_update returns JSON response
      Failure/Error: get api_v1_status_update_timeline_path(status_update)

      NoMethodError:
        undefined method 'api_v1_status_update_timeline_path' for #<RSpec::ExampleGroups::TimelineAPI::GETApiV1StatusUpdatesIdTimeline::WithAValidStatusUpdate:0x000002d2dae4dc70>
      # ./spec/requests/api_v1_timeline_spec.rb:35:in 'block (4 levels) in <main>'

  30) Timeline API GET /api/v1/status_updates/:id/timeline with a valid status_update returns 200 OK
      Failure/Error: get api_v1_status_update_timeline_path(status_update)

      NoMethodError:
        undefined method 'api_v1_status_update_timeline_path' for #<RSpec::ExampleGroups::TimelineAPI::GETApiV1StatusUpdatesIdTimeline::WithAValidStatusUpdate:0x000002d2dae656e0>
      # ./spec/requests/api_v1_timeline_spec.rb:30:in 'block (4 levels) in <main>'

  31) Timeline API GET /api/v1/status_updates/:id/timeline with a valid status_update returns data envelope with changes array
      Failure/Error: get api_v1_status_update_timeline_path(status_update)

      NoMethodError:
        undefined method 'api_v1_status_update_timeline_path' for #<RSpec::ExampleGroups::TimelineAPI::GETApiV1StatusUpdatesIdTimeline::WithAValidStatusUpdate:0x000002d2dae61360>
      # ./spec/requests/api_v1_timeline_spec.rb:40:in 'block (4 levels) in <main>'

  32) Timeline API GET /api/v1/status_updates/:id/timeline with a valid status_update when status_update has no changes returns empty data array
      Failure/Error: get api_v1_status_update_timeline_path(status_update)

      NoMethodError:
        undefined method 'api_v1_status_update_timeline_path' for #<RSpec::ExampleGroups::TimelineAPI::GETApiV1StatusUpdatesIdTimeline::WithAValidStatusUpdate::WhenStatusUpdateHasNoChanges:0x000002d2dae492b0>
      # ./spec/requests/api_v1_timeline_spec.rb:49:in 'block (5 levels) in <main>'

  33) Timeline API GET /api/v1/status_updates/:id/timeline with a valid status_update when status_update has changes humanizes status labels (submitted -> Submitted)
      Failure/Error:
        @change1 = create(:status_change, 
          status_update: status_update,
          from_status: nil,
          to_status: 'submitted'
        )

      KeyError:
        Factory not registered: "status_change"
      # ./spec/requests/api_v1_timeline_spec.rb:59:in 'block (5 levels) in <main>'
      # ------------------
      # --- Caused by: ---
      # KeyError:
      #   key not found: "status_change"
      #   ./spec/requests/api_v1_timeline_spec.rb:59:in 'block (5 levels) in <main>'

  34) Timeline API GET /api/v1/status_updates/:id/timeline with a valid status_update when status_update has changes includes status_display with humanized labels
      Failure/Error:
        @change1 = create(:status_change, 
          status_update: status_update,
          from_status: nil,
          to_status: 'submitted'
        )

      KeyError:
        Factory not registered: "status_change"
      # ./spec/requests/api_v1_timeline_spec.rb:59:in 'block (5 levels) in <main>'
      # ------------------
      # --- Caused by: ---
      # KeyError:
      #   key not found: "status_change"
      #   ./spec/requests/api_v1_timeline_spec.rb:59:in 'block (5 levels) in <main>'

  35) Timeline API GET /api/v1/status_updates/:id/timeline with a valid status_update when status_update has changes handles multi-word statuses (in_review -> In Review)
      Failure/Error:
        @change1 = create(:status_change, 
          status_update: status_update,
          from_status: nil,
          to_status: 'submitted'
        )

      KeyError:
        Factory not registered: "status_change"
      # ./spec/requests/api_v1_timeline_spec.rb:59:in 'block (5 levels) in <main>'
      # ------------------
      # --- Caused by: ---
      # KeyError:
      #   key not found: "status_change"
      #   ./spec/requests/api_v1_timeline_spec.rb:59:in 'block (5 levels) in <main>'

  36) Timeline API GET /api/v1/status_updates/:id/timeline with a valid status_update when status_update has changes returns changes in chronological order (oldest first)
      Failure/Error:
        @change1 = create(:status_change, 
          status_update: status_update,
          from_status: nil,
          to_status: 'submitted'
        )

      KeyError:
        Factory not registered: "status_change"
      # ./spec/requests/api_v1_timeline_spec.rb:59:in 'block (5 levels) in <main>'
      # ------------------
      # --- Caused by: ---
      # KeyError:
      #   key not found: "status_change"
      #   ./spec/requests/api_v1_timeline_spec.rb:59:in 'block (5 levels) in <main>'

  37) Timeline API GET /api/v1/status_updates/:id/timeline with a valid status_update when status_update has changes returns all changes for the status_update
      Failure/Error:
        @change1 = create(:status_change, 
          status_update: status_update,
          from_status: nil,
          to_status: 'submitted'
        )

      KeyError:
        Factory not registered: "status_change"
      # ./spec/requests/api_v1_timeline_spec.rb:59:in 'block (5 levels) in <main>'
      # ------------------
      # --- Caused by: ---
      # KeyError:
      #   key not found: "status_change"
      #   ./spec/requests/api_v1_timeline_spec.rb:59:in 'block (5 levels) in <main>'

  38) Timeline API GET /api/v1/status_updates/:id/timeline with a valid status_update when status_update has changes includes to_status
      Failure/Error:
        @change1 = create(:status_change, 
          status_update: status_update,
          from_status: nil,
          to_status: 'submitted'
        )

      KeyError:
        Factory not registered: "status_change"
      # ./spec/requests/api_v1_timeline_spec.rb:59:in 'block (5 levels) in <main>'
      # ------------------
      # --- Caused by: ---
      # KeyError:
      #   key not found: "status_change"
      #   ./spec/requests/api_v1_timeline_spec.rb:59:in 'block (5 levels) in <main>'

  39) Timeline API GET /api/v1/status_updates/:id/timeline with a valid status_update when status_update has changes includes changed_at timestamp
      Failure/Error:
        @change1 = create(:status_change, 
          status_update: status_update,
          from_status: nil,
          to_status: 'submitted'
        )

      KeyError:
        Factory not registered: "status_change"
      # ./spec/requests/api_v1_timeline_spec.rb:59:in 'block (5 levels) in <main>'
      # ------------------
      # --- Caused by: ---
      # KeyError:
      #   key not found: "status_change"
      #   ./spec/requests/api_v1_timeline_spec.rb:59:in 'block (5 levels) in <main>'

  40) Timeline API GET /api/v1/status_updates/:id/timeline with a valid status_update when status_update has changes includes change id
      Failure/Error:
        @change1 = create(:status_change, 
          status_update: status_update,
          from_status: nil,
          to_status: 'submitted'
        )

      KeyError:
        Factory not registered: "status_change"
      # ./spec/requests/api_v1_timeline_spec.rb:59:in 'block (5 levels) in <main>'
      # ------------------
      # --- Caused by: ---
      # KeyError:
      #   key not found: "status_change"
      #   ./spec/requests/api_v1_timeline_spec.rb:59:in 'block (5 levels) in <main>'

  41) Timeline API GET /api/v1/status_updates/:id/timeline with a valid status_update when status_update has changes includes from_status
      Failure/Error:
        @change1 = create(:status_change, 
          status_update: status_update,
          from_status: nil,
          to_status: 'submitted'
        )

      KeyError:
        Factory not registered: "status_change"
      # ./spec/requests/api_v1_timeline_spec.rb:59:in 'block (5 levels) in <main>'
      # ------------------
      # --- Caused by: ---
      # KeyError:
      #   key not found: "status_change"
      #   ./spec/requests/api_v1_timeline_spec.rb:59:in 'block (5 levels) in <main>'

  42) Timeline API GET /api/v1/status_updates/:id/timeline with a valid status_update when status_update has changes includes reason when present
      Failure/Error:
        @change1 = create(:status_change, 
          status_update: status_update,
          from_status: nil,
          to_status: 'submitted'
        )

      KeyError:
        Factory not registered: "status_change"
      # ./spec/requests/api_v1_timeline_spec.rb:59:in 'block (5 levels) in <main>'
      # ------------------
      # --- Caused by: ---
      # KeyError:
      #   key not found: "status_change"
      #   ./spec/requests/api_v1_timeline_spec.rb:59:in 'block (5 levels) in <main>'

  43) Timeline API GET /api/v1/status_updates/:id/timeline with a valid status_update when status_update has changes includes null reason when not present
      Failure/Error:
        @change1 = create(:status_change, 
          status_update: status_update,
          from_status: nil,
          to_status: 'submitted'
        )

      KeyError:
        Factory not registered: "status_change"
      # ./spec/requests/api_v1_timeline_spec.rb:59:in 'block (5 levels) in <main>'
      # ------------------
      # --- Caused by: ---
      # KeyError:
      #   key not found: "status_change"
      #   ./spec/requests/api_v1_timeline_spec.rb:59:in 'block (5 levels) in <main>'

  44) StatusChange scopes .recent_first is useful for dashboards showing latest activity
      Failure/Error: @change1 = create(:status_change, status_update: status_update, from_status: nil, to_status: 'submitted')

      KeyError:
        Factory not registered: "status_change"
      # ./spec/models/status_change_spec.rb:150:in 'block (3 levels) in <main>'
      # ------------------
      # --- Caused by: ---
      # KeyError:
      #   key not found: "status_change"
      #   ./spec/models/status_change_spec.rb:150:in 'block (3 levels) in <main>'

  45) StatusChange scopes .recent_first returns changes in descending order (newest first)
      Failure/Error: @change1 = create(:status_change, status_update: status_update, from_status: nil, to_status: 'submitted')

      KeyError:
        Factory not registered: "status_change"
      # ./spec/models/status_change_spec.rb:150:in 'block (3 levels) in <main>'
      # ------------------
      # --- Caused by: ---
      # KeyError:
      #   key not found: "status_change"
      #   ./spec/models/status_change_spec.rb:150:in 'block (3 levels) in <main>'

  46) StatusChange scopes .ordered is useful for displaying timeline chronologically
      Failure/Error: @change1 = create(:status_change, status_update: status_update, from_status: nil, to_status: 'submitted')

      KeyError:
        Factory not registered: "status_change"
      # ./spec/models/status_change_spec.rb:150:in 'block (3 levels) in <main>'
      # ------------------
      # --- Caused by: ---
      # KeyError:
      #   key not found: "status_change"
      #   ./spec/models/status_change_spec.rb:150:in 'block (3 levels) in <main>'

  47) StatusChange scopes .ordered returns changes in ascending order (oldest first)
      Failure/Error: @change1 = create(:status_change, status_update: status_update, from_status: nil, to_status: 'submitted')

      KeyError:
        Factory not registered: "status_change"
      # ./spec/models/status_change_spec.rb:150:in 'block (3 levels) in <main>'
      # ------------------
      # --- Caused by: ---
      # KeyError:
      #   key not found: "status_change"
      #   ./spec/models/status_change_spec.rb:150:in 'block (3 levels) in <main>'

  48) StatusChange associations 
      Failure/Error: it { should belong_to(:status_update) }

      ActiveRecord::StatementInvalid:
        PG::UndefinedTable: ERROR:  relation "status_changes" does not exist
        LINE 10:  WHERE a.attrelid = '"status_changes"'::regclass
                                     ^
      # ./spec/models/status_change_spec.rb:18:in 'block (3 levels) in <main>'
      # ------------------
      # --- Caused by: ---
      # PG::UndefinedTable:
      #   ERROR:  relation "status_changes" does not exist
      #   LINE 10:  WHERE a.attrelid = '"status_changes"'::regclass
      #                                ^
      #   ./spec/models/status_change_spec.rb:18:in 'block (3 levels) in <main>'

  49) StatusChange associations is destroyed when status_update is destroyed
      Failure/Error: change = create(:status_change, status_update: status_update)

      KeyError:
        Factory not registered: "status_change"
      # ./spec/models/status_change_spec.rb:22:in 'block (3 levels) in <main>'
      # ------------------
      # --- Caused by: ---
      # KeyError:
      #   key not found: "status_change"
      #   ./spec/models/status_change_spec.rb:22:in 'block (3 levels) in <main>'

  50) StatusChange integration with StatusUpdate is created when status_update is updated
      Failure/Error:
        expect {
          status_update.update(mood: 'happy')
        }.to change(StatusChange, :count).by(1)

      ActiveRecord::StatementInvalid:
        PG::UndefinedTable: ERROR:  relation "status_changes" does not exist
        LINE 1: SELECT COUNT(*) FROM "status_changes"
                                     ^
      # ./spec/models/status_change_spec.rb:192:in 'block (3 levels) in <main>'
      # ------------------
      # --- Caused by: ---
      # PG::UndefinedTable:
      #   ERROR:  relation "status_changes" does not exist
      #   LINE 1: SELECT COUNT(*) FROM "status_changes"
      #                                ^
      #   ./spec/models/status_change_spec.rb:192:in 'block (3 levels) in <main>'

  51) StatusChange integration with StatusUpdate cascades delete when status_update is destroyed
      Failure/Error: change_id = create(:status_change, status_update: status_update).id

      KeyError:
        Factory not registered: "status_change"
      # ./spec/models/status_change_spec.rb:217:in 'block (3 levels) in <main>'
      # ------------------
      # --- Caused by: ---
      # KeyError:
      #   key not found: "status_change"
      #   ./spec/models/status_change_spec.rb:217:in 'block (3 levels) in <main>'

  52) StatusChange integration with StatusUpdate records the from and to values from the update
      Failure/Error:
        create!(
          status_update: status_update,
          from_status: from,
          to_status: to,
          reason: reason
        )

      ActiveRecord::StatementInvalid:
        PG::UndefinedTable: ERROR:  relation "status_changes" does not exist
        LINE 10:  WHERE a.attrelid = '"status_changes"'::regclass
                                     ^
      # ./app/models/status_change.rb:26:in 'StatusChange.log!'
      # ./app/models/status_update.rb:30:in 'StatusUpdate#log_mood_change'
      # ./spec/models/status_change_spec.rb:200:in 'block (3 levels) in <main>'
      # ------------------
      # --- Caused by: ---
      # PG::UndefinedTable:
      #   ERROR:  relation "status_changes" does not exist
      #   LINE 10:  WHERE a.attrelid = '"status_changes"'::regclass
      #                                ^
      #   ./app/models/status_change.rb:26:in 'StatusChange.log!'

  53) StatusChange integration with StatusUpdate allows querying all changes for a status_update
      Failure/Error: create(:status_change, status_update: status_update)

      KeyError:
        Factory not registered: "status_change"
      # ./spec/models/status_change_spec.rb:209:in 'block (3 levels) in <main>'
      # ------------------
      # --- Caused by: ---
      # KeyError:
      #   key not found: "status_change"
      #   ./spec/models/status_change_spec.rb:209:in 'block (3 levels) in <main>'

  54) StatusChange.log! factory method records the timestamp
      Failure/Error:
        create!(
          status_update: status_update,
          from_status: from,
          to_status: to,
          reason: reason
        )

      ActiveRecord::StatementInvalid:
        PG::UndefinedTable: ERROR:  relation "status_changes" does not exist
        LINE 10:  WHERE a.attrelid = '"status_changes"'::regclass
                                     ^
      # ./app/models/status_change.rb:26:in 'StatusChange.log!'
      # ./spec/models/status_change_spec.rb:138:in 'block (3 levels) in <main>'
      # ------------------
      # --- Caused by: ---
      # PG::UndefinedTable:
      #   ERROR:  relation "status_changes" does not exist
      #   LINE 10:  WHERE a.attrelid = '"status_changes"'::regclass
      #                                ^
      #   ./app/models/status_change.rb:26:in 'StatusChange.log!'

  55) StatusChange.log! factory method associates with the provided status_update
      Failure/Error:
        create!(
          status_update: status_update,
          from_status: from,
          to_status: to,
          reason: reason
        )

      ActiveRecord::StatementInvalid:
        PG::UndefinedTable: ERROR:  relation "status_changes" does not exist
        LINE 10:  WHERE a.attrelid = '"status_changes"'::regclass
                                     ^
      # ./app/models/status_change.rb:26:in 'StatusChange.log!'
      # ./spec/models/status_change_spec.rb:113:in 'block (3 levels) in <main>'
      # ------------------
      # --- Caused by: ---
      # PG::UndefinedTable:
      #   ERROR:  relation "status_changes" does not exist
      #   LINE 10:  WHERE a.attrelid = '"status_changes"'::regclass
      #                                ^
      #   ./app/models/status_change.rb:26:in 'StatusChange.log!'

  56) StatusChange.log! factory method sets the to_status correctly
      Failure/Error:
        create!(
          status_update: status_update,
          from_status: from,
          to_status: to,
          reason: reason
        )

      ActiveRecord::StatementInvalid:
        PG::UndefinedTable: ERROR:  relation "status_changes" does not exist
        LINE 10:  WHERE a.attrelid = '"status_changes"'::regclass
                                     ^
      # ./app/models/status_change.rb:26:in 'StatusChange.log!'
      # ./spec/models/status_change_spec.rb:108:in 'block (3 levels) in <main>'
      # ------------------
      # --- Caused by: ---
      # PG::UndefinedTable:
      #   ERROR:  relation "status_changes" does not exist
      #   LINE 10:  WHERE a.attrelid = '"status_changes"'::regclass
      #                                ^
      #   ./app/models/status_change.rb:26:in 'StatusChange.log!'

  57) StatusChange.log! factory method sets the from_status correctly
      Failure/Error:
        create!(
          status_update: status_update,
          from_status: from,
          to_status: to,
          reason: reason
        )

      ActiveRecord::StatementInvalid:
        PG::UndefinedTable: ERROR:  relation "status_changes" does not exist
        LINE 10:  WHERE a.attrelid = '"status_changes"'::regclass
                                     ^
      # ./app/models/status_change.rb:26:in 'StatusChange.log!'
      # ./spec/models/status_change_spec.rb:103:in 'block (3 levels) in <main>'
      # ------------------
      # --- Caused by: ---
      # PG::UndefinedTable:
      #   ERROR:  relation "status_changes" does not exist
      #   LINE 10:  WHERE a.attrelid = '"status_changes"'::regclass
      #                                ^
      #   ./app/models/status_change.rb:26:in 'StatusChange.log!'

  58) StatusChange.log! factory method allows reason to be nil
      Failure/Error:
        create!(
          status_update: status_update,
          from_status: from,
          to_status: to,
          reason: reason
        )

      ActiveRecord::StatementInvalid:
        PG::UndefinedTable: ERROR:  relation "status_changes" does not exist
        LINE 10:  WHERE a.attrelid = '"status_changes"'::regclass
                                     ^
      # ./app/models/status_change.rb:26:in 'StatusChange.log!'
      # ./spec/models/status_change_spec.rb:128:in 'block (3 levels) in <main>'
      # ------------------
      # --- Caused by: ---
      # PG::UndefinedTable:
      #   ERROR:  relation "status_changes" does not exist
      #   LINE 10:  WHERE a.attrelid = '"status_changes"'::regclass
      #                                ^
      #   ./app/models/status_change.rb:26:in 'StatusChange.log!'

  59) StatusChange.log! factory method allows optional reason parameter
      Failure/Error:
        create!(
          status_update: status_update,
          from_status: from,
          to_status: to,
          reason: reason
        )

      ActiveRecord::StatementInvalid:
        PG::UndefinedTable: ERROR:  relation "status_changes" does not exist
        LINE 10:  WHERE a.attrelid = '"status_changes"'::regclass
                                     ^
      # ./app/models/status_change.rb:26:in 'StatusChange.log!'
      # ./spec/models/status_change_spec.rb:118:in 'block (3 levels) in <main>'
      # ------------------
      # --- Caused by: ---
      # PG::UndefinedTable:
      #   ERROR:  relation "status_changes" does not exist
      #   LINE 10:  WHERE a.attrelid = '"status_changes"'::regclass
      #                                ^
      #   ./app/models/status_change.rb:26:in 'StatusChange.log!'

  60) StatusChange.log! factory method creates a new StatusChange record
      Failure/Error:
        expect {
          StatusChange.log!(status_update, from: 'submitted', to: 'in_review')
        }.to change(StatusChange, :count).by(1)

      ActiveRecord::StatementInvalid:
        PG::UndefinedTable: ERROR:  relation "status_changes" does not exist
        LINE 1: SELECT COUNT(*) FROM "status_changes"
                                     ^
      # ./spec/models/status_change_spec.rb:97:in 'block (3 levels) in <main>'
      # ------------------
      # --- Caused by: ---
      # PG::UndefinedTable:
      #   ERROR:  relation "status_changes" does not exist
      #   LINE 1: SELECT COUNT(*) FROM "status_changes"
      #                                ^
      #   ./spec/models/status_change_spec.rb:97:in 'block (3 levels) in <main>'

  61) StatusChange validations from_status rejects from_status that is not in STATUSES
      Failure/Error: let(:change) { build(:status_change, status_update: status_update) }

      KeyError:
        Factory not registered: "status_change"
      # ./spec/models/status_change_spec.rb:32:in 'block (3 levels) in <main>'
      # ./spec/models/status_change_spec.rb:68:in 'block (4 levels) in <main>'
      # ------------------
      # --- Caused by: ---
      # KeyError:
      #   key not found: "status_change"
      #   ./spec/models/status_change_spec.rb:32:in 'block (3 levels) in <main>'

  62) StatusChange validations from_status allows from_status to be in STATUSES
      Failure/Error: let(:change) { build(:status_change, status_update: status_update) }

      KeyError:
        Factory not registered: "status_change"
      # ./spec/models/status_change_spec.rb:32:in 'block (3 levels) in <main>'
      # ./spec/models/status_change_spec.rb:63:in 'block (4 levels) in <main>'
      # ------------------
      # --- Caused by: ---
      # KeyError:
      #   key not found: "status_change"
      #   ./spec/models/status_change_spec.rb:32:in 'block (3 levels) in <main>'

  63) StatusChange validations from_status allows from_status to be nil (initial status)
      Failure/Error: let(:change) { build(:status_change, status_update: status_update) }

      KeyError:
        Factory not registered: "status_change"
      # ./spec/models/status_change_spec.rb:32:in 'block (3 levels) in <main>'
      # ./spec/models/status_change_spec.rb:58:in 'block (4 levels) in <main>'
      # ------------------
      # --- Caused by: ---
      # KeyError:
      #   key not found: "status_change"
      #   ./spec/models/status_change_spec.rb:32:in 'block (3 levels) in <main>'

  64) StatusChange validations to_status requires to_status to be present
      Failure/Error: let(:change) { build(:status_change, status_update: status_update) }

      KeyError:
        Factory not registered: "status_change"
      # ./spec/models/status_change_spec.rb:32:in 'block (3 levels) in <main>'
      # ./spec/models/status_change_spec.rb:36:in 'block (4 levels) in <main>'
      # ------------------
      # --- Caused by: ---
      # KeyError:
      #   key not found: "status_change"
      #   ./spec/models/status_change_spec.rb:32:in 'block (3 levels) in <main>'

  65) StatusChange validations to_status requires to_status to be in STATUSES constant
      Failure/Error: let(:change) { build(:status_change, status_update: status_update) }

      KeyError:
        Factory not registered: "status_change"
      # ./spec/models/status_change_spec.rb:32:in 'block (3 levels) in <main>'
      # ./spec/models/status_change_spec.rb:42:in 'block (4 levels) in <main>'
      # ------------------
      # --- Caused by: ---
      # KeyError:
      #   key not found: "status_change"
      #   ./spec/models/status_change_spec.rb:32:in 'block (3 levels) in <main>'

  66) StatusChange validations to_status accepts valid STATUSES values
      Failure/Error: let(:change) { build(:status_change, status_update: status_update) }

      KeyError:
        Factory not registered: "status_change"
      # ./spec/models/status_change_spec.rb:32:in 'block (3 levels) in <main>'
      # ./spec/models/status_change_spec.rb:49:in 'block (5 levels) in <main>'
      # ./spec/models/status_change_spec.rb:48:in 'Array#each'
      # ./spec/models/status_change_spec.rb:48:in 'block (4 levels) in <main>'
      # ------------------
      # --- Caused by: ---
      # KeyError:
      #   key not found: "status_change"
      #   ./spec/models/status_change_spec.rb:32:in 'block (3 levels) in <main>'

  67) Status Updates Editing a status update updates the status update with new content
      Failure/Error: click_link 'Edit'

      Capybara::Ambiguous:
        Ambiguous match, found 326 elements matching visible link "Edit"

      [Screenshot Image]: C:/Users/jwhar/Documents/dev/pulseboard/tmp/capybara/failures_r_spec_example_groups_status_updates_editing_a_status_update_updates_the_status_update_with_new_content_928.png 


      # ./spec/system/status_updates_spec.rb:40:in 'block (3 levels) in <main>'

  68) Status Updates Liking a status update increments the like count
      Failure/Error: expect(page).to have_content('5')
        expected to find text "5" in "PulseBoard\nMood\nSelect a mood...\nfocused\ncalm\nhappy\nblocked\nBody\n≡ƒÿî Calm\nVoluptates voluptate magnam necessitatibus.\n≡ƒæì 0\nEdit\nDelete\nComments\nAdd a comment:\n≡ƒÿñ Blocked\nAb tempore et est.\n≡ƒæì 0\nEdit\nDelete\nComments\nAdd a comment:\n≡ƒÿè Happy\nRepellat aliquam repellendus voluptatem.\n≡ƒæì 0\nEdit\nDelete\nComments\nAdd a comment:\n≡ƒÿî Calm\nRerum ut officia doloribus.\n≡ƒæì 0\nEdit\nDelete\nComments\nAdd a comment:\n≡ƒÿî Calm\nOfficiis sed ut unde.\n≡ƒæì 0\nEdit\nDelete\nComments\nAdd a comment:\n≡ƒÄ» Focused\nRepellat quia vitae unde.\n≡ƒæì 0\nEdit\nDelete\nComments\nAdd a comment:\n≡ƒÿî Calm\nTemporibus aut qui necessitatibus.\n≡ƒæì 0\nEdit\nDelete\nComments\nAdd a comment:\n≡ƒÿñ Blocked\nHic accusamus beatae temporibus.\n≡ƒæì 0\nEdit\nDelete\nComments\nAdd a comment:\n≡ƒÿè Happy\nQuo ducimus eum beatae.\n≡ƒæì 0\nEdit\nDelete\nComments\nAdd a comment:\n≡ƒÿè Happy\nEveniet unde accusamus ea.\n≡ƒæì 0\nEdit\nDelete\nComments\nAdd a comment:\n≡ƒÄ» Focused\nBeatae laborum consequatur et.\n≡ƒæì 0\nEdit\nDelete\nComments\nAdd a comment:\n≡ƒÿî Calm\nDignissimos nam et quis.\n≡ƒæì 0\nEdit\nDelete\nComments\nAdd a comment:\n≡ƒÿñ Blocked\nQuae dignissimos amet dicta.\n≡ƒæì 0\nEdit\nDelete\nComments\nAdd a comment:\n≡ƒÄ» Focused\nPorro impedit ab voluptatem.\n≡ƒæì 0\nEdit\nDelete\nComments\nAdd a comment:\n≡ƒÿî Calm\nVeniam nemo soluta ducimus.\n≡ƒæì 0\nEdit\nDelete\nComments\nAdd a comment:\n≡ƒÿè Happy\nIn dolore velit tempora.\n≡ƒæì 0\nEdit\nDelete\nComments\nAdd a comment:\n≡ƒÿñ Blocked\nAut sunt quisquam et.\n≡ƒæì 0\nEdit\nDelete\nComments\nAdd a comment:\n≡ƒÿî Calm\nNecessitatibus ullam esse enim.\n≡ƒæì 0\nEdit\nDelete\nComments\nAdd a comment:\n≡ƒÿî Calm\nNihil ut aliquid nobis.\n≡ƒæì 0\nEdit\nDelete\nComments\nAdd a comment:\n≡ƒÿè Happy\nSed voluptate dolores aut.\n≡ƒæì 0\nEdit\nDelete\nComments\nAdd a comment:\n≡ƒÿñ Blocked\nUt aut deleniti quo.\n≡ƒæì 0\nEdit\nDelete\nComments\nAdd a comment:\n≡ƒÿñ Blocked\nPorro in voluptatem quidem.\n≡ƒæì 0\nEdit\nDelete\nComments\nAdd a comment:\n≡ƒÿñ Blocked\nFacere autem alias sed.\n≡ƒæì 0\nEdit\nDelete\nComments\nAdd a comment:\n≡ƒÿñ Blocked\nIure ipsa ipsam consequatur.\n≡ƒæì 0\nEdit\nDelete\nComments\nAdd a comment:\n≡ƒÿè Happy\nOptio quis soluta sequi.\n≡ƒæì 0\nEdit\nDelete\nComments\nAdd a comment:\n≡ƒÿñ Blocked\nHic debitis animi dolores.\n≡ƒæì 0\nEdit\nDelete\nComments\nAdd a comment:\n≡ƒÄ» Focused\nFugiat voluptas perspiciatis facilis.\n≡ƒæì 0\nEdit\nDelete\nComments\nAdd a comment:\n≡ƒÄ» Focused\nTotam repudiandae suscipit eum.\n≡ƒæì 0\nEdit\nDelete\nComments\nAdd a comment:\n≡ƒÿî Calm\nEt sint asperiores est.\n≡ƒæì 0\nEdit\nDelete\nComments\nAdd a comment:\n≡ƒÿè Happy\nDolor modi omnis officiis.\n≡ƒæì 0\nEdit\nDelete\nComments\nAdd a comment:\n≡ƒÿî Calm\nAut eius veritatis quia.\n≡ƒæì 0\nEdit\nDelete\nComments\nAdd a comment:\n≡ƒÿè Happy\nNeque molestiae id debitis.\n≡ƒæì 0\nEdit\nDelete\nComments\nAdd a comment:\n≡ƒÿñ Blocked\nQui at illum expedita.\n≡ƒæì 0\nEdit\nDelete\nComments\nAdd a comment:\n≡ƒÿè Happy\nPorro tempore modi beatae.\n≡ƒæì 0\nEdit\nDelete\nComments\nAdd a comment:\n≡ƒÄ» Focused\nConsectetur autem dignissimos ratione.\n≡ƒæì 0\nEdit\nDelete\nComments\nAdd a comment:\n≡ƒÿè Happy\nEligendi beatae reprehenderit fugiat.\n≡ƒæì 0\nEdit\nDelete\nComments\nAdd a comment:\n≡ƒÄ» Focused\nAut praesentium ullam ut.\n≡ƒæì 0\nEdit\nDelete\nComments\nAdd a comment:\n≡ƒÿè Happy\nVel porro quod aliquam.\n≡ƒæì 0\nEdit\nDelete\nComments\nAdd a comment:\n≡ƒÄ» Focused\nDelectus quae molestiae velit.\n≡ƒæì 0\nEdit\nDelete\nComments\nAdd a comment:\n≡ƒÄ» Focused\nAd hic sit nostrum.\n≡ƒæì 0\nEdit\nDelete\nComments\nAdd a comment:\n≡ƒÿñ Blocked\nEaque dicta provident pariatur.\n≡ƒæì 0\nEdit\nDelete\nComments\nAdd a comment:\n≡ƒÄ» Focused\nRerum consequatur ut repudiandae.\n≡ƒæì 0\nEdit\nDelete\nComments\nAdd a comment:\nComment\nless than a minute ago\nGreat post!\nDelete\n≡ƒÄ» Focused\nPlaceat natus ipsum non.\n≡ƒæì 0\nEdit\nDelete\nComments\nAdd a comment:\n≡ƒÄ» Focused\nQuis rerum eveniet qui.\n≡ƒæì 0\nEdit\nDelete\nComments\nAdd a comment:\nComment\nless than a minute ago\nCompletely different\nDelete\nComment\nless than a minute ago\nSecond\nDelete\nComment\nless than a minute ago\nFirst\nDelete\n≡ƒÿñ Blocked\nAtque assumenda laboriosam architecto.\n≡ƒæì 0\nEdit\nDelete\nComments\nAdd a comment:\nComment\nless than a minute ago\nAmet occaecati sit sint.\nDelete\nComment\nless than a minute ago\nConsequatur veniam reprehenderit laborum.\nDelete\nComment\nless than a minute ago\nRecusandae facere fuga et.\nDelete\nComment\nless than a minute ago\nSecond\nDelete\nComment\nless than a minute ago\nFirst\nDelete\n≡ƒÄ» Focused\nPerspiciatis eos rerum placeat.\n≡ƒæì 0\nEdit\nDelete\nComments\nAdd a comment:\nComment\nless than a minute ago\nSecond\nDelete\nComment\nless than a minute ago\nFirst\nDelete\n≡ƒÄ» Focused\nLibero sequi quos exercitationem.\n≡ƒæì 0\nEdit\nDelete\nComments\nAdd a comment:\nComment\nless than a minute ago\nSecond\nDelete\nComment\nless than a minute ago\nFirst\nDelete\n≡ƒÿñ Blocked\nEnim dignissimos sunt minima.\n≡ƒæì 0\nEdit\nDelete\nComments\nAdd a comment:\n≡ƒÿî Calm\nIusto repellat eos velit.\n≡ƒæì 0\nEdit\nDelete\nComments\nAdd a comment:\n≡ƒÿî Calm\nFuga placeat quas maiores.\n≡ƒæì 0\nEdit\nDelete\nComments\nAdd a comment:\n≡ƒÄ» Focused\nAut quibusdam vel animi.\n≡ƒæì 0\nEdit\nDelete\nComments\nAdd a comment:\n≡ƒÿñ Blocked\nUt quia quibusdam modi.\n≡ƒæì 0\nEdit\nDelete\nComments\nAdd a comment:\n≡ƒÿî Calm\nVitae ab ut cupiditate.\n≡ƒæì 0\nEdit\nDelete\nComments\nAdd a comment:\n≡ƒÿñ Blocked\nAnimi distinctio veritatis quod.\n≡ƒæì 0\nEdit\nDelete\nComments\nAdd a comment:\n≡ƒÿè Happy\nUt est dignissimos soluta.\n≡ƒæì 0\nEdit\nDelete\nComments\nAdd a comment:\n≡ƒÿñ Blocked\nUt animi dolorem quo.\n≡ƒæì 0\nEdit\nDelete\nComments\nAdd a comment:\nComment\nless than a minute ago\nNew\nDelete\nComment\nless than a minute ago\nOld\nDelete\n≡ƒÿè Happy\nQuia beatae consequatur hic.\n≡ƒæì 0\nEdit\nDelete\nComments\nAdd a comment:\n≡ƒÿñ Blocked\nAccusantium dignissimos possimus quidem.\n≡ƒæì 0\nEdit\nDelete\nComments\nAdd a comment:\n≡ƒÿî Calm\nExcepturi velit rem omnis.\n≡ƒæì 0\nEdit\nDelete\nComments\nAdd a comment:\n≡ƒÿñ Blocked\nAut in eum sed.\n≡ƒæì 0\nEdit\nDelete\nComments\nAdd a comment:\n≡ƒÄ» Focused\nId tenetur deleniti et.\n≡ƒæì 0\nEdit\nDelete\nComments\nAdd a comment:\n≡ƒÿñ Blocked\nCorporis nam nulla debitis.\n≡ƒæì 0\nEdit\nDelete\nComments\nAdd a comment:\n≡ƒÿî Calm\nEos quo earum aspernatur.\n≡ƒæì 0\nEdit\nDelete\nComments\nAdd a comment:\n≡ƒÿñ Blocked\nVelit mollitia eaque consequatur.\n≡ƒæì 0\nEdit\nDelete\nComments\nAdd a comment:\n≡ƒÿñ Blocked\nHic est expedita eveniet.\n≡ƒæì 0\nEdit\nDelete\nComments\nAdd a comment:\n≡ƒÿñ Blocked\nOptio natus fugit et.\n≡ƒæì 0\nEdit\nDelete\nComments\nAdd a comment:\n≡ƒÿî Calm\nAb quaerat quis iure.\n≡ƒæì 0\nEdit\nDelete\nComments\nAdd a comment:\n≡ƒÿè Happy\nQuas recusandae rerum qui.\n≡ƒæì 0\nEdit\nDelete\nComments\nAdd a comment:\n≡ƒÿñ Blocked\nAtque qui beatae ut.\n≡ƒæì 0\nEdit\nDelete\nComments\nAdd a comment:\n≡ƒÿè Happy\nNecessitatibus veritatis dicta magnam.\n≡ƒæì 0\nEdit\nDelete\nComments\nAdd a comment:\n≡ƒÿî Calm\nQui sapiente ut qui.\n≡ƒæì 0\nEdit\nDelete\nComments\nAdd a comment:\n≡ƒÄ» Focused\nQuisquam fugiat voluptates nihil.\n≡ƒæì 0\nEdit\nDelete\nComments\nAdd a comment:\n≡ƒÿñ Blocked\nOmnis maxime sed alias.\n≡ƒæì 0\nEdit\nDelete\nComments\nAdd a comment:\n≡ƒÿñ Blocked\nVel deleniti perspiciatis magnam.\n≡ƒæì 0\nEdit\nDelete\nComments\nAdd a comment:\n≡ƒÿñ Blocked\nId est et minus.\n≡ƒæì 0\nEdit\nDelete\nComments\nAdd a comment:\n≡ƒÄ» Focused\nQuisquam nisi ullam quis.\n≡ƒæì 0\nEdit\nDelete\nComments\nAdd a comment:\n≡ƒÿî Calm\nEst est dolorem ut.\n≡ƒæì 0\nEdit\nDelete\nComments\nAdd a comment:\n≡ƒÿî Calm\nSint asperiores maiores illo.\n≡ƒæì 0\nEdit\nDelete\nComments\nAdd a comment:\n≡ƒÿñ Blocked\nQuo libero sint dolor.\n≡ƒæì 0\nEdit\nDelete\nComments\nAdd a comment:\n≡ƒÄ» Focused\nEos reiciendis maxime praesentium.\n≡ƒæì 0\nEdit\nDelete\nComments\nAdd a comment:\n≡ƒÿñ Blocked\nOdio possimus omnis deleniti.\n≡ƒæì 0\nEdit\nDelete\nComments\nAdd a comment:\nComment\n1 minute ago\nNew\nDelete\nComment\n1 minute ago\nOld\nDelete\n≡ƒÿî Calm\nVitae aspernatur qui ab.\n≡ƒæì 0\nEdit\nDelete\nComments\nAdd a comment:\nComment\n1 minute ago\nSecond\nDelete\nComment\n1 minute ago\nFirst\nDelete\n≡ƒÿî Calm\nReiciendis impedit maiores voluptatibus.\n≡ƒæì 0\nEdit\nDelete\nComments\nAdd a comment:\nComment\n1 minute ago\nSecond\nDelete\nComment\n1 minute ago\nFirst\nDelete\n≡ƒÿè Happy\nRecusandae explicabo commodi molestiae.\n≡ƒæì 0\nEdit\nDelete\nComments\nAdd a comment:\nComment\n1 minute ago\nCupiditate omnis quos eos.\nDelete\nComment\n1 minute ago\nEt dicta laboriosam vero.\nDelete\nComment\n1 minute ago\nNon aperiam culpa eos.\nDelete\nComment\n1 minute ago\nSecond\nDelete\nComment\n1 minute ago\nFirst\nDelete\n≡ƒÿè Happy\nQuidem expedita cupiditate odit.\n≡ƒæì 0\nEdit\nDelete\nComments\nAdd a comment:\nComment\n1 minute ago\nCompletely different\nDelete\nComment\n1 minute ago\nSecond\nDelete\nComment\n1 minute ago\nFirst\nDelete\n≡ƒÿî Calm\nAssumenda placeat id totam.\n≡ƒæì 0\nEdit\nDelete\nComments\nAdd a comment:\nComment\n1 minute ago\nGreat post!\nDelete\n≡ƒÄ» Focused\nEsse dolores error laborum.\n≡ƒæì 0\nEdit\nDelete\nComments\nAdd a comment:\n≡ƒÿî Calm\nGreat update!\n≡ƒæì 0\nEdit\nDelete\nComments\nAdd a comment:\nComment\nabout 1 hour ago\nSecond comment\nDelete\nComment\nabout 2 hours ago\nFirst comment\nDelete\n≡ƒÿî Calm\nNewest\n≡ƒæì 0\nEdit\nDelete\nComments\nAdd a comment:\nComment\n1 minute ago\nNice post!\nDelete\n≡ƒÄ» Focused\nOldest\n≡ƒæì 0\nEdit\nDelete\nComments\nAdd a comment:\n≡ƒÄ» Focused\nVel quam sunt reprehenderit.\n≡ƒæì 6\nEdit\nDelete\nComments\nAdd a comment:\n≡ƒÿñ Blocked\nDolore accusantium aut est.\n≡ƒæì 6\nEdit\nDelete\nComments\nAdd a comment:\n≡ƒÿî Calm\nFugiat repudiandae sapiente iste.\n≡ƒæì 0\nEdit\nDelete\nComments\nAdd a comment:\n≡ƒÿî Calm\nVoluptatum voluptas minima est.\n≡ƒæì 0\nEdit\nDelete\nComments\nAdd a comment:\n≡ƒÿñ Blocked\nEt quam ut expedita.\n≡ƒæì 0\nEdit\nDelete\nComments\nAdd a comment:\n≡ƒÿñ Blocked\nNihil et quia ipsum.\n≡ƒæì 0\nEdit\nDelete\nComments\nAdd a comment:\n≡ƒÿñ Blocked\nExpedita qui deserunt dolore.\n≡ƒæì 0\nEdit\nDelete\nComments\nAdd a comment:\n≡ƒÿî Calm\nRecusandae est praesentium omnis.\n≡ƒæì 0\nEdit\nDelete\nComments\nAdd a comment:\n≡ƒÿñ Blocked\nRerum eaque unde adipisci.\n≡ƒæì 0\nEdit\nDelete\nComments\nAdd a comment:\n≡ƒÿñ Blocked\nSit unde atque dolorum.\n≡ƒæì 0\nEdit\nDelete\nComments\nAdd a comment:\n≡ƒÄ» Focused\nVel minima repudiandae iure.\n≡ƒæì 0\nEdit\nDelete\nComments\nAdd a comment:\n≡ƒÿñ Blocked\nFuga optio tempore maiores.\n≡ƒæì 0\nEdit\nDelete\nComments\nAdd a comment:\n≡ƒÿî Calm\nLabore earum non esse.\n≡ƒæì 0\nEdit\nDelete\nComments\nAdd a comment:\n≡ƒÄ» Focused\nIllo non dolores ut.\n≡ƒæì 0\nEdit\nDelete\nComments\nAdd a comment:\n≡ƒÿñ Blocked\nRepellendus commodi velit nihil.\n≡ƒæì 0\nEdit\nDelete\nComments\nAdd a comment:\n≡ƒÄ» Focused\nAspernatur sit reiciendis tempore.\n≡ƒæì 0\nEdit\nDelete\nComments\nAdd a comment:\n≡ƒÿî Calm\nTempora earum assumenda exercitationem.\n≡ƒæì 0\nEdit\nDelete\nComments\nAdd a comment:\n≡ƒÿî Calm\nEst ipsum eum et.\n≡ƒæì 0\nEdit\nDelete\nComments\nAdd a comment:\n≡ƒÿñ Blocked\nNesciunt saepe velit voluptas.\n≡ƒæì 0\nEdit\nDelete\nComments\nAdd a comment:\n≡ƒÿñ Blocked\nIure voluptas est aut.\n≡ƒæì 0\nEdit\nDelete\nComments\nAdd a comment:\n≡ƒÄ» Focused\nVel amet iste cum.\n≡ƒæì 0\nEdit\nDelete\nComments\nAdd a comment:\n≡ƒÿî Calm\nSuscipit velit aut sunt.\n≡ƒæì 0\nEdit\nDelete\nComments\nAdd a comment:\n≡ƒÿè Happy\nAliquam quia eum voluptates.\n≡ƒæì 0\nEdit\nDelete\nComments\nAdd a comment:\n≡ƒÿè Happy\nQuisquam ut temporibus sed.\n≡ƒæì 0\nEdit\nDelete\nComments\nAdd a comment:\n≡ƒÿî Calm\nCumque omnis animi libero.\n≡ƒæì 0\nEdit\nDelete\nComments\nAdd a comment:\n≡ƒÿñ Blocked\nRatione nisi fugit ad.\n≡ƒæì 0\nEdit\nDelete\nComments\nAdd a comment:\n≡ƒÿî Calm\nMolestias repudiandae necessitatibus qui.\n≡ƒæì 0\nEdit\nDelete\nComments\nAdd a comment:\n≡ƒÄ» Focused\nEa sit id aut.\n≡ƒæì 0\nEdit\nDelete\nComments\nAdd a comment:\n≡ƒÄ» Focused\nMinus et nihil qui.\n≡ƒæì 0\nEdit\nDelete\nComments\nAdd a comment:\n≡ƒÿî Calm\nEt at dolorem eligendi.\n≡ƒæì 0\nEdit\nDelete\nComments\nAdd a comment:\n≡ƒÄ» Focused\nUt quia voluptas nemo.\n≡ƒæì 0\nEdit\nDelete\nComments\nAdd a comment:\n≡ƒÿè Happy\nUt illo dolorum reiciendis.\n≡ƒæì 0\nEdit\nDelete\nComments\nAdd a comment:\n≡ƒÿñ Blocked\nModi corrupti consequatur distinctio.\n≡ƒæì 0\nEdit\nDelete\nComments\nAdd a comment:\n≡ƒÿè Happy\nVoluptatem sint porro quos.\n≡ƒæì 0\nEdit\nDelete\nComments\nAdd a comment:\n≡ƒÿî Calm\nMolestias id dolore voluptatem.\n≡ƒæì 0\nEdit\nDelete\nComments\nAdd a comment:\n≡ƒÄ» Focused\nSint quas atque magni.\n≡ƒæì 0\nEdit\nDelete\nComments\nAdd a comment:\n≡ƒÄ» Focused\nDicta amet magni sint.\n≡ƒæì 0\nEdit\nDelete\nComments\nAdd a comment:\n≡ƒÄ» Focused\nVitae qui qui temporibus.\n≡ƒæì 0\nEdit\nDelete\nComments\nAdd a comment:\n≡ƒÿî Calm\nQuasi rerum hic magnam.\n≡ƒæì 0\nEdit\nDelete\nComments\nAdd a comment:\n≡ƒÄ» Focused\nCupiditate sapiente debitis repellendus.\n≡ƒæì 0\nEdit\nDelete\nComments\nAdd a comment:\nComment\n1 minute ago\nOld\nDelete\n≡ƒÄ» Focused\nSimilique nihil veniam dolor.\n≡ƒæì 0\nEdit\nDelete\nComments\nAdd a comment:\n≡ƒÄ» Focused\nAb officia eveniet a.\n≡ƒæì 0\nEdit\nDelete\nComments\nAdd a comment:\n≡ƒÿî Calm\nRepellat recusandae non molestiae.\n≡ƒæì 0\nEdit\nDelete\nComments\nAdd a comment:\n≡ƒÄ» Focused\nSit rerum accusantium tenetur.\n≡ƒæì 0\nEdit\nDelete\nComments\nAdd a comment:\n≡ƒÿè Happy\nAspernatur aut officia ut.\n≡ƒæì 0\nEdit\nDelete\nComments\nAdd a comment:\n≡ƒÿî Calm\nTenetur velit magni dolores.\n≡ƒæì 0\nEdit\nDelete\nComments\nAdd a comment:\n≡ƒÿî Calm\nIn aliquid quos optio.\n≡ƒæì 0\nEdit\nDelete\nComments\nAdd a comment:\n≡ƒÿî Calm\nEnim occaecati eaque libero.\n≡ƒæì 0\nEdit\nDelete\nComments\nAdd a comment:\n≡ƒÿè Happy\nGreat update!\n≡ƒæì 0\nEdit\nDelete\nComments\nAdd a comment:\nComment\nabout 2 hours ago\nFirst comment\nDelete\n≡ƒÄ» Focused\nNewest\n≡ƒæì 0\nEdit\nDelete\nComments\nAdd a comment:\nComment\n2 minutes ago\nNice post!\nDelete\n≡ƒÿî Calm\nOldest\n≡ƒæì 0\nEdit\nDelete\nComments\nAdd a comment:\n≡ƒÿè Happy\nOfficiis omnis ut ab.\n≡ƒæì 6\nEdit\nDelete\nComments\nAdd a comment:\n≡ƒÄ» Focused\nSunt quaerat rerum recusandae.\n≡ƒæì 6\nEdit\nDelete\nComments\nAdd a comment:\n≡ƒÄ» Focused\nAperiam a illo porro.\n≡ƒæì 0\nEdit\nDelete\nComments\nAdd a comment:\nComment\n2 minutes ago\nCompletely different\nDelete\nComment\n2 minutes ago\nSecond\nDelete\nComment\n2 minutes ago\nFirst\nDelete\n≡ƒÄ» Focused\nEt qui minus ex.\n≡ƒæì 0\nEdit\nDelete\nComments\nAdd a comment:\nComment\n2 minutes ago\nSecond\nDelete\nComment\n2 minutes ago\nFirst\nDelete\n≡ƒÿñ Blocked\nCommodi nulla beatae quod.\n≡ƒæì 0\nEdit\nDelete\nComments\nAdd a comment:\nComment\n2 minutes ago\nSecond\nDelete\nComment\n2 minutes ago\nFirst\nDelete\n≡ƒÿñ Blocked\nAspernatur corporis temporibus assumenda.\n≡ƒæì 0\nEdit\nDelete\nComments\nAdd a comment:\nComment\n2 minutes ago\nAccusantium sed magni minus.\nDelete\nComment\n2 minutes ago\nSint ab ipsa vel.\nDelete\nComment\n2 minutes ago\nVero omnis quaerat maxime.\nDelete\nComment\n2 minutes ago\nSecond\nDelete\nComment\n2 minutes ago\nFirst\nDelete\n≡ƒÿî Calm\nConsequatur ipsa error cum.\n≡ƒæì 0\nEdit\nDelete\nComments\nAdd a comment:\n≡ƒÄ» Focused\nEt est aspernatur repellendus.\n≡ƒæì 0\nEdit\nDelete\nComments\nAdd a comment:\nComment\n2 minutes ago\nGreat post!\nDelete\n≡ƒÄ» Focused\nUllam saepe facilis aliquam.\n≡ƒæì 0\nEdit\nDelete\nComments\nAdd a comment:\n≡ƒÿè Happy\nUt dolore et quia.\n≡ƒæì 0\nEdit\nDelete\nComments\nAdd a comment:\n≡ƒÿñ Blocked\nQuae ea aperiam reiciendis.\n≡ƒæì 0\nEdit\nDelete\nComments\nAdd a comment:\n≡ƒÿñ Blocked\nSoluta quisquam unde iusto.\n≡ƒæì 0\nEdit\nDelete\nComments\nAdd a comment:\n≡ƒÿî Calm\nEt odio sint ratione.\n≡ƒæì 0\nEdit\nDelete\nComments\nAdd a comment:\n≡ƒÿè Happy\nIn ea accusantium fugit.\n≡ƒæì 0\nEdit\nDelete\nComments\nAdd a comment:\n≡ƒÄ» Focused\nVel harum exercitationem quidem.\n≡ƒæì 0\nEdit\nDelete\nComments\nAdd a comment:\n≡ƒÿî Calm\nVoluptatem tempora natus porro.\n≡ƒæì 0\nEdit\nDelete\nComments\nAdd a comment:\n≡ƒÿñ Blocked\nIllo et quis id.\n≡ƒæì 0\nEdit\nDelete\nComments\nAdd a comment:\n≡ƒÿè Happy\nMaiores veritatis quis illo.\n≡ƒæì 0\nEdit\nDelete\nComments\nAdd a comment:\n≡ƒÿî Calm\nEarum quis nihil amet.\n≡ƒæì 0\nEdit\nDelete\nComments\nAdd a comment:\n≡ƒÄ» Focused\nTempore omnis voluptatem ea.\n≡ƒæì 0\nEdit\nDelete\nComments\nAdd a comment:\n≡ƒÿî Calm\nConsectetur suscipit quasi velit.\n≡ƒæì 0\nEdit\nDelete\nComments\nAdd a comment:\n≡ƒÿî Calm\nAsperiores enim autem numquam.\n≡ƒæì 0\nEdit\nDelete\nComments\nAdd a comment:\n≡ƒÄ» Focused\nUt voluptatem quibusdam totam.\n≡ƒæì 0\nEdit\nDelete\nComments\nAdd a comment:\n≡ƒÄ» Focused\nPariatur unde sunt iusto.\n≡ƒæì 0\nEdit\nDelete\nComments\nAdd a comment:\n≡ƒÿñ Blocked\nQuo blanditiis corporis reprehenderit.\n≡ƒæì 0\nEdit\nDelete\nComments\nAdd a comment:\n≡ƒÿî Calm\nUt totam soluta qui.\n≡ƒæì 0\nEdit\nDelete\nComments\nAdd a comment:\n≡ƒÄ» Focused\nUt aut temporibus quod.\n≡ƒæì 0\nEdit\nDelete\nComments\nAdd a comment:\n≡ƒÿñ Blocked\nIure quo exercitationem esse.\n≡ƒæì 0\nEdit\nDelete\nComments\nAdd a comment:\n≡ƒÿî Calm\nTemporibus error voluptatem voluptas.\n≡ƒæì 0\nEdit\nDelete\nComments\nAdd a comment:\n≡ƒÿè Happy\nFugit dolores et repellendus.\n≡ƒæì 0\nEdit\nDelete\nComments\nAdd a comment:\n≡ƒÿè Happy\nEst neque expedita sed.\n≡ƒæì 0\nEdit\nDelete\nComments\nAdd a comment:\n≡ƒÿñ Blocked\nQuo consequatur consequatur est.\n≡ƒæì 0\nEdit\nDelete\nComments\nAdd a comment:\n≡ƒÿñ Blocked\nAb perspiciatis rerum voluptate.\n≡ƒæì 0\nEdit\nDelete\nComments\nAdd a comment:\n≡ƒÿñ Blocked\nQui quisquam quia rerum.\n≡ƒæì 0\nEdit\nDelete\nComments\nAdd a comment:\n≡ƒÿè Happy\nDolor cumque necessitatibus est.\n≡ƒæì 0\nEdit\nDelete\nComments\nAdd a comment:\n≡ƒÄ» Focused\nConsequuntur iusto aut voluptates.\n≡ƒæì 0\nEdit\nDelete\nComments\nAdd a comment:\n≡ƒÄ» Focused\nBeatae ut occaecati impedit.\n≡ƒæì 0\nEdit\nDelete\nComments\nAdd a comment:\n≡ƒÿñ Blocked\nAut dolorem cupiditate facere.\n≡ƒæì 0\nEdit\nDelete\nComments\nAdd a comment:\n≡ƒÿñ Blocked\nSoluta quibusdam tenetur nam.\n≡ƒæì 0\nEdit\nDelete\nComments\nAdd a comment:\n≡ƒÄ» Focused\nInventore non aut commodi.\n≡ƒæì 0\nEdit\nDelete\nComments\nAdd a comment:\n≡ƒÿî Calm\nAmet et qui occaecati.\n≡ƒæì 0\nEdit\nDelete\nComments\nAdd a comment:\n≡ƒÿî Calm\nNam quaerat et magnam.\n≡ƒæì 0\nEdit\nDelete\nComments\nAdd a comment:\n≡ƒÿè Happy\nEt corrupti dicta est.\n≡ƒæì 0\nEdit\nDelete\nComments\nAdd a comment:\n≡ƒÄ» Focused\nIllum quae non est.\n≡ƒæì 0\nEdit\nDelete\nComments\nAdd a comment:\n≡ƒÿè Happy\nEst a eveniet illum.\n≡ƒæì 0\nEdit\nDelete\nComments\nAdd a comment:\n≡ƒÿî Calm\nDolorum aut cumque nisi.\n≡ƒæì 0\nEdit\nDelete\nComments\nAdd a comment:\n≡ƒÿñ Blocked\nVoluptatem totam repudiandae tenetur.\n≡ƒæì 0\nEdit\nDelete\nComments\nAdd a comment:\n≡ƒÄ» Focused\nNihil rerum voluptatum sint.\n≡ƒæì 0\nEdit\nDelete\nComments\nAdd a comment:\n≡ƒÄ» Focused\nAut et nostrum reprehenderit.\n≡ƒæì 0\nEdit\nDelete\nComments\nAdd a comment:\n≡ƒÿè Happy\nSuscipit nulla distinctio et.\n≡ƒæì 0\nEdit\nDelete\nComments\nAdd a comment:\n≡ƒÿñ Blocked\nTotam dignissimos quisquam soluta.\n≡ƒæì 0\nEdit\nDelete\nComments\nAdd a comment:\n≡ƒÿè Happy\nAt ipsa placeat in.\n≡ƒæì 0\nEdit\nDelete\nComments\nAdd a comment:\n≡ƒÿè Happy\nQui ut fuga aut.\n≡ƒæì 0\nEdit\nDelete\nComments\nAdd a comment:\n≡ƒÿè Happy\nProvident dicta nam laboriosam.\n≡ƒæì 0\nEdit\nDelete\nComments\nAdd a comment:\n≡ƒÿñ Blocked\nConsequatur consectetur dolorem sequi.\n≡ƒæì 0\nEdit\nDelete\nComments\nAdd a comment:\n≡ƒÿî Calm\nDeserunt omnis quis dolores.\n≡ƒæì 0\nEdit\nDelete\nComments\nAdd a comment:\n≡ƒÿî Calm\nReprehenderit architecto autem rem.\n≡ƒæì 0\nEdit\nDelete\nComments\nAdd a comment:\n≡ƒÄ» Focused\nDoloribus dolor voluptatibus corrupti.\n≡ƒæì 0\nEdit\nDelete\nComments\nAdd a comment:\n≡ƒÿî Calm\nEt rem est repellendus.\n≡ƒæì 0\nEdit\nDelete\nComments\nAdd a comment:\n≡ƒÿî Calm\nOmnis reprehenderit velit quia.\n≡ƒæì 0\nEdit\nDelete\nComments\nAdd a comment:\n≡ƒÿñ Blocked\nQuis expedita autem eligendi.\n≡ƒæì 0\nEdit\nDelete\nComments\nAdd a comment:\n≡ƒÿî Calm\nDolor culpa voluptatum dolorum.\n≡ƒæì 0\nEdit\nDelete\nComments\nAdd a comment:\n≡ƒÿè Happy\nOfficia minima commodi ut.\n≡ƒæì 0\nEdit\nDelete\nComments\nAdd a comment:\n≡ƒÄ» Focused\nAssumenda harum iure saepe.\n≡ƒæì 0\nEdit\nDelete\nComments\nAdd a comment:\n≡ƒÿî Calm\nEveniet est laudantium eum.\n≡ƒæì 0\nEdit\nDelete\nComments\nAdd a comment:\n≡ƒÄ» Focused\nEt numquam sed minima.\n≡ƒæì 0\nEdit\nDelete\nComments\nAdd a comment:\n≡ƒÿè Happy\nSit voluptas at inventore.\n≡ƒæì 0\nEdit\nDelete\nComments\nAdd a comment:\n≡ƒÿè Happy\nTotam neque modi quasi.\n≡ƒæì 0\nEdit\nDelete\nComments\nAdd a comment:\n≡ƒÄ» Focused\nSapiente velit et ut.\n≡ƒæì 0\nEdit\nDelete\nComments\nAdd a comment:\n≡ƒÿñ Blocked\nEst sint iure eum.\n≡ƒæì 0\nEdit\nDelete\nComments\nAdd a comment:\n≡ƒÿè Happy\nExercitationem rem reiciendis delectus.\n≡ƒæì 0\nEdit\nDelete\nComments\nAdd a comment:\n≡ƒÿñ Blocked\nRatione et sit illo.\n≡ƒæì 0\nEdit\nDelete\nComments\nAdd a comment:\n≡ƒÄ» Focused\nNecessitatibus laboriosam voluptas ut.\n≡ƒæì 0\nEdit\nDelete\nComments\nAdd a comment:\n≡ƒÄ» Focused\nRatione molestiae ut et.\n≡ƒæì 0\nEdit\nDelete\nComments\nAdd a comment:\n≡ƒÿî Calm\nQui sit excepturi vitae.\n≡ƒæì 0\nEdit\nDelete\nComments\nAdd a comment:\n≡ƒÿî Calm\nMinus unde illum iste.\n≡ƒæì 0\nEdit\nDelete\nComments\nAdd a comment:\n≡ƒÿè Happy\nAssumenda qui dolorum id.\n≡ƒæì 0\nEdit\nDelete\nComments\nAdd a comment:\n≡ƒÿè Happy\nIpsam illo qui numquam.\n≡ƒæì 0\nEdit\nDelete\nComments\nAdd a comment:\n≡ƒÿî Calm\nQui inventore omnis mollitia.\n≡ƒæì 0\nEdit\nDelete\nComments\nAdd a comment:\n≡ƒÿî Calm\nSimilique ipsum mollitia non.\n≡ƒæì 0\nEdit\nDelete\nComments\nAdd a comment:\n≡ƒÿñ Blocked\nTempore aut veniam rem.\n≡ƒæì 0\nEdit\nDelete\nComments\nAdd a comment:\n≡ƒÄ» Focused\nMinima veritatis laborum nesciunt.\n≡ƒæì 0\nEdit\nDelete\nComments\nAdd a comment:\n≡ƒÿî Calm\nNihil omnis incidunt unde.\n≡ƒæì 0\nEdit\nDelete\nComments\nAdd a comment:\n≡ƒÿñ Blocked\nEt vitae debitis qui.\n≡ƒæì 0\nEdit\nDelete\nComments\nAdd a comment:\n≡ƒÿî Calm\nEt provident eos qui.\n≡ƒæì 0\nEdit\nDelete\nComments\nAdd a comment:\n≡ƒÿñ Blocked\nDicta ut doloremque ipsum.\n≡ƒæì 0\nEdit\nDelete\nComments\nAdd a comment:\n≡ƒÿñ Blocked\nUt consectetur a dolores.\n≡ƒæì 0\nEdit\nDelete\nComments\nAdd a comment:\n≡ƒÿè Happy\nConsequuntur aliquid at reprehenderit.\n≡ƒæì 0\nEdit\nDelete\nComments\nAdd a comment:\n≡ƒÿè Happy\nIn qui qui qui.\n≡ƒæì 0\nEdit\nDelete\nComments\nAdd a comment:\n≡ƒÄ» Focused\nQuam qui incidunt eum.\n≡ƒæì 0\nEdit\nDelete\nComments\nAdd a comment:\n≡ƒÿè Happy\nQui culpa porro enim.\n≡ƒæì 0\nEdit\nDelete\nComments\nAdd a comment:\n≡ƒÄ» Focused\nRerum non velit saepe.\n≡ƒæì 0\nEdit\nDelete\nComments\nAdd a comment:\n≡ƒÄ» Focused\nConsequuntur est quos fugiat.\n≡ƒæì 0\nEdit\nDelete\nComments\nAdd a comment:\n≡ƒÿñ Blocked\nFugiat labore aut nesciunt.\n≡ƒæì 0\nEdit\nDelete\nComments\nAdd a comment:\n≡ƒÿñ Blocked\nMinima vel nihil nemo.\n≡ƒæì 0\nEdit\nDelete\nComments\nAdd a comment:\n≡ƒÿè Happy\nNatus et iusto saepe.\n≡ƒæì 0\nEdit\nDelete\nComments\nAdd a comment:\n≡ƒÿè Happy\nConsequatur molestias quo tenetur.\n≡ƒæì 0\nEdit\nDelete\nComments\nAdd a comment:\n≡ƒÄ» Focused\nNon culpa eum minus.\n≡ƒæì 0\nEdit\nDelete\nComments\nAdd a comment:\n≡ƒÿè Happy\nGreat update!\n≡ƒæì 0\nEdit\nDelete\nComments\nAdd a comment:\nComment\n3 minutes ago\nNice post!\nDelete\nComment\nabout 1 hour ago\nSecond comment\nDelete\nComment\nabout 2 hours ago\nFirst comment\nDelete\n≡ƒÿè Happy\nAut et consequatur architecto.\n≡ƒæì 0\nEdit\nDelete\nComments\nAdd a comment:\nComment\n3 minutes ago\nOld\nDelete\n≡ƒÿñ Blocked\nFacilis dolorem aperiam ad.\n≡ƒæì 0\nEdit\nDelete\nComments\nAdd a comment:\n≡ƒÿè Happy\nEx assumenda sed sit.\n≡ƒæì 0\nEdit\nDelete\nComments\nAdd a comment:\n≡ƒÄ» Focused\nIste praesentium quod sed.\n≡ƒæì 0\nEdit\nDelete\nComments\nAdd a comment:\n≡ƒÿñ Blocked\nEt et ut delectus.\n≡ƒæì 0\nEdit\nDelete\nComments\nAdd a comment:\n≡ƒÄ» Focused\nQui laborum sed omnis.\n≡ƒæì 6\nEdit\nDelete\nComments\nAdd a comment:\n≡ƒÄ» Focused\nVoluptates omnis amet iste.\n≡ƒæì 6\nEdit\nDelete\nComments\nAdd a comment:\n≡ƒÿñ Blocked\nNewest\n≡ƒæì 0\nEdit\nDelete\nComments\nAdd a comment:\n≡ƒÿè Happy\nOldest\n≡ƒæì 0\nEdit\nDelete\nComments\nAdd a comment:\n≡ƒÄ» Focused\nUnde voluptate aut rerum.\n≡ƒæì 0\nEdit\nDelete\nComments\nAdd a comment:\n≡ƒÿî Calm\nMinus quia quia occaecati.\n≡ƒæì 0\nEdit\nDelete\nComments\nAdd a comment:\nComment\n3 minutes ago\nGreat post!\nDelete\n≡ƒÄ» Focused\nLaboriosam totam consequatur architecto.\n≡ƒæì 0\nEdit\nDelete\nComments\nAdd a comment:\nComment\n3 minutes ago\nCompletely different\nDelete\nComment\n3 minutes ago\nSecond\nDelete\nComment\n3 minutes ago\nFirst\nDelete\n≡ƒÄ» Focused\nLabore repellat ut voluptate.\n≡ƒæì 0\nEdit\nDelete\nComments\nAdd a comment:\nComment\n3 minutes ago\nSecond\nDelete\nComment\n3 minutes ago\nFirst\nDelete\n≡ƒÿñ Blocked\nDicta ut ex alias.\n≡ƒæì 0\nEdit\nDelete\nComments\nAdd a comment:\nComment\n3 minutes ago\nQuo dolores culpa voluptatem.\nDelete\nComment\n3 minutes ago\nCupiditate iste eaque quis.\nDelete\nComment\n3 minutes ago\nNulla tempore dolor quas.\nDelete\nComment\n3 minutes ago\nSecond\nDelete\nComment\n3 minutes ago\nFirst\nDelete\n≡ƒÿñ Blocked\nEaque nihil et voluptatum.\n≡ƒæì 0\nEdit\nDelete\nComments\nAdd a comment:\nComment\n3 minutes ago\nSecond\nDelete\nComment\n3 minutes ago\nFirst\nDelete\n≡ƒÿè Happy\nQuaerat corrupti temporibus officia.\n≡ƒæì 0\nEdit\nDelete\nComments\nAdd a comment:\n≡ƒÿñ Blocked\nEos quasi ut aut.\n≡ƒæì 0\nEdit\nDelete\nComments\nAdd a comment:\n≡ƒÿî Calm\nNobis tempora illo velit.\n≡ƒæì 0\nEdit\nDelete\nComments\nAdd a comment:\n≡ƒÿè Happy\nLibero voluptatem sunt perspiciatis.\n≡ƒæì 0\nEdit\nDelete\nComments\nAdd a comment:\n≡ƒÄ» Focused\nCum est in corporis.\n≡ƒæì 0\nEdit\nDelete\nComments\nAdd a comment:\n≡ƒÿè Happy\nIllum reprehenderit adipisci nostrum.\n≡ƒæì 0\nEdit\nDelete\nComments\nAdd a comment:\n≡ƒÿñ Blocked\nSunt molestiae nobis dolore.\n≡ƒæì 0\nEdit\nDelete\nComments\nAdd a comment:\n≡ƒÿè Happy\nDolores et architecto voluptatum.\n≡ƒæì 0\nEdit\nDelete\nComments\nAdd a comment:\n≡ƒÿè Happy\nSed magnam et reiciendis.\n≡ƒæì 0\nEdit\nDelete\nComments\nAdd a comment:\n≡ƒÿè Happy\nNihil incidunt at quis.\n≡ƒæì 0\nEdit\nDelete\nComments\nAdd a comment:\n≡ƒÿñ Blocked\nQuo praesentium minima facere.\n≡ƒæì 0\nEdit\nDelete\nComments\nAdd a comment:\n≡ƒÄ» Focused\nRecusandae vero aliquid quos.\n≡ƒæì 0\nEdit\nDelete\nComments\nAdd a comment:\n≡ƒÿè Happy\nSunt architecto modi omnis.\n≡ƒæì 0\nEdit\nDelete\nComments\nAdd a comment:\nComment\nabout 1 hour ago\nNew\nDelete\nComment\nabout 1 hour ago\nOld\nDelete\n≡ƒÿñ Blocked\nNewest\n≡ƒæì 0\nEdit\nDelete\nComments\nAdd a comment:\n≡ƒÄ» Focused\nOldest\n≡ƒæì 0\nEdit\nDelete\nComments\nAdd a comment:\n≡ƒÿñ Blocked\nPossimus molestiae dolor maiores.\n≡ƒæì 6\nEdit\nDelete\nComments\nAdd a comment:\n≡ƒÿè Happy\nFuga officia tempora quaerat.\n≡ƒæì 6\nEdit\nDelete\nComments\nAdd a comment:\n≡ƒÿè Happy\nDolorem odit expedita qui.\n≡ƒæì 0\nEdit\nDelete\nComments\nAdd a comment:\n≡ƒÄ» Focused\nSapiente ea numquam quasi.\n≡ƒæì 0\nEdit\nDelete\nComments\nAdd a comment:\n≡ƒÿè Happy\nTotam dolore ducimus ut.\n≡ƒæì 0\nEdit\nDelete\nComments\nAdd a comment:\n≡ƒÿî Calm\nAliquam commodi molestiae nobis.\n≡ƒæì 0\nEdit\nDelete\nComments\nAdd a comment:\n≡ƒÿè Happy\nAb qui earum et.\n≡ƒæì 0\nEdit\nDelete\nComments\nAdd a comment:\n≡ƒÿè Happy\nRepudiandae error ullam est.\n≡ƒæì 0\nEdit\nDelete\nComments\nAdd a comment:\n≡ƒÿñ Blocked\nAsperiores aspernatur id possimus.\n≡ƒæì 0\nEdit\nDelete\nComments\nAdd a comment:\n≡ƒÿî Calm\nRerum voluptate quidem ut.\n≡ƒæì 0\nEdit\nDelete\nComments\nAdd a comment:\n≡ƒÿñ Blocked\nNeque ut voluptatem omnis.\n≡ƒæì 0\nEdit\nDelete\nComments\nAdd a comment:\nComment\nabout 1 hour ago\nCompletely different\nDelete\nComment\nabout 1 hour ago\nSecond\nDelete\nComment\nabout 1 hour ago\nFirst\nDelete\n≡ƒÿñ Blocked\nMaiores at recusandae iste.\n≡ƒæì 0\nEdit\nDelete\nComments\nAdd a comment:\nComment\nabout 1 hour ago\nSunt voluptatem cum animi.\nDelete\nComment\nabout 1 hour ago\nIpsa at sed consequuntur.\nDelete\nComment\nabout 1 hour ago\nCorporis fugiat quibusdam officia.\nDelete\nComment\nabout 1 hour ago\nSecond\nDelete\nComment\nabout 1 hour ago\nFirst\nDelete\n≡ƒÿè Happy\nProvident fugit accusantium natus.\n≡ƒæì 0\nEdit\nDelete\nComments\nAdd a comment:\nComment\nabout 1 hour ago\nSecond\nDelete\nComment\nabout 1 hour ago\nFirst\nDelete\n≡ƒÿñ Blocked\nFugit aut earum tenetur.\n≡ƒæì 0\nEdit\nDelete\nComments\nAdd a comment:\nComment\nabout 1 hour ago\nSecond\nDelete\nComment\nabout 1 hour ago\nFirst\nDelete\n≡ƒÄ» Focused\nEaque perferendis qui velit.\n≡ƒæì 0\nEdit\nDelete\nComments\nAdd a comment:\n≡ƒÿñ Blocked\nCupiditate quidem id et.\n≡ƒæì 0\nEdit\nDelete\nComments\nAdd a comment:\nComment\nabout 1 hour ago\nGreat post!\nDelete\n≡ƒÿñ Blocked\nSit dignissimos consectetur nihil.\n≡ƒæì 0\nEdit\nDelete\nComments\nAdd a comment:\nComment\nabout 1 hour ago\nSecond\nDelete\nComment\nabout 1 hour ago\nFirst\nDelete\n≡ƒÄ» Focused\nNatus tempora distinctio numquam.\n≡ƒæì 0\nEdit\nDelete\nComments\nAdd a comment:\nComment\nabout 1 hour ago\nSecond\nDelete\nComment\nabout 1 hour ago\nFirst\nDelete\n≡ƒÄ» Focused\nVoluptas expedita voluptatum nulla.\n≡ƒæì 0\nEdit\nDelete\nComments\nAdd a comment:\nComment\nabout 1 hour ago\nIn minus aspernatur reiciendis.\nDelete\nComment\nabout 1 hour ago\nSequi quibusdam autem doloribus.\nDelete\nComment\nabout 1 hour ago\nIn aut ut omnis.\nDelete\nComment\nabout 1 hour ago\nSecond\nDelete\nComment\nabout 1 hour ago\nFirst\nDelete\n≡ƒÿî Calm\nConsequatur repellendus ea et.\n≡ƒæì 0\nEdit\nDelete\nComments\nAdd a comment:\nComment\nabout 1 hour ago\nCompletely different\nDelete\nComment\nabout 1 hour ago\nSecond\nDelete\nComment\nabout 1 hour ago\nFirst\nDelete\n≡ƒÿè Happy\nMolestiae ipsam aut sint.\n≡ƒæì 0\nEdit\nDelete\nComments\nAdd a comment:\nComment\nabout 1 hour ago\nGreat post!\nDelete\n≡ƒÄ» Focused\nUt ipsa sed saepe.\n≡ƒæì 0\nEdit\nDelete\nComments\nAdd a comment:\n≡ƒÿî Calm\nImpedit autem cum qui.\n≡ƒæì 0\nEdit\nDelete\nComments\nAdd a comment:\n≡ƒÿñ Blocked\nSunt quasi debitis id.\n≡ƒæì 0\nEdit\nDelete\nComments\nAdd a comment:\n≡ƒÿî Calm\nSit voluptatem modi qui.\n≡ƒæì 0\nEdit\nDelete\nComments\nAdd a comment:\n≡ƒÿî Calm\nAnimi culpa earum fugit.\n≡ƒæì 0\nEdit\nDelete\nComments\nAdd a comment:\n≡ƒÿè Happy\nVoluptatibus harum qui iusto.\n≡ƒæì 0\nEdit\nDelete\nComments\nAdd a comment:\n≡ƒÿè Happy\nAdipisci placeat fugiat nisi.\n≡ƒæì 0\nEdit\nDelete\nComments\nAdd a comment:\n≡ƒÿñ Blocked\nHic sequi libero optio.\n≡ƒæì 0\nEdit\nDelete\nComments\nAdd a comment:\n≡ƒÿî Calm\nDolor eum doloremque et.\n≡ƒæì 0\nEdit\nDelete\nComments\nAdd a comment:\n≡ƒÿñ Blocked\nQuo suscipit facilis dolores.\n≡ƒæì 0\nEdit\nDelete\nComments\nAdd a comment:\nComment\nabout 1 hour ago\nNew\nDelete\nComment\nabout 1 hour ago\nOld\nDelete\n≡ƒÄ» Focused\nOfficiis sit iusto aut.\n≡ƒæì 0\nEdit\nDelete\nComments\nAdd a comment:\n≡ƒÿè Happy\nSed ea omnis iure.\n≡ƒæì 0\nEdit\nDelete\nComments\nAdd a comment:\n≡ƒÿñ Blocked\nIllum molestiae et rerum.\n≡ƒæì 0\nEdit\nDelete\nComments\nAdd a comment:\n≡ƒÿè Happy\nDelectus et autem quo.\n≡ƒæì 0\nEdit\nDelete\nComments\nAdd a comment:\n≡ƒÿî Calm\nQuia hic doloremque earum.\n≡ƒæì 0\nEdit\nDelete\nComments\nAdd a comment:\n≡ƒÿè Happy\nVero assumenda officia perferendis.\n≡ƒæì 0\nEdit\nDelete\nComments\nAdd a comment:\n≡ƒÿè Happy\nConsequatur rem placeat rerum.\n≡ƒæì 0\nEdit\nDelete\nComments\nAdd a comment:\n≡ƒÿî Calm\nRepudiandae velit odit earum.\n≡ƒæì 0\nEdit\nDelete\nComments\nAdd a comment:\n≡ƒÿñ Blocked\nSit quo rerum optio.\n≡ƒæì 0\nEdit\nDelete\nComments\nAdd a comment:\n≡ƒÿè Happy\nEos voluptates beatae aut.\n≡ƒæì 0\nEdit\nDelete\nComments\nAdd a comment:\nComment\nabout 1 hour ago\nGreat post!\nDelete\n≡ƒÿè Happy\nNihil consequatur atque aliquid.\n≡ƒæì 0\nEdit\nDelete\nComments\nAdd a comment:\nComment\nabout 1 hour ago\nCompletely different\nDelete\nComment\nabout 1 hour ago\nSecond\nDelete\nComment\nabout 1 hour ago\nFirst\nDelete\n≡ƒÿñ Blocked\nIste at eos aut.\n≡ƒæì 0\nEdit\nDelete\nComments\nAdd a comment:\nComment\nabout 1 hour ago\nSecond\nDelete\nComment\nabout 1 hour ago\nFirst\nDelete\n≡ƒÄ» Focused\nDoloribus minus tempora quia.\n≡ƒæì 0\nEdit\nDelete\nComments\nAdd a comment:\nComment\nabout 1 hour ago\nQuia aut suscipit animi.\nDelete\nComment\nabout 1 hour ago\nMagni praesentium officiis aut.\nDelete\nComment\nabout 1 hour ago\nProvident voluptatum veniam qui.\nDelete\nComment\nabout 1 hour ago\nSecond\nDelete\nComment\nabout 1 hour ago\nFirst\nDelete\n≡ƒÿî Calm\nSed omnis harum quae.\n≡ƒæì 0\nEdit\nDelete\nComments\nAdd a comment:\nComment\nabout 1 hour ago\nSecond\nDelete\nComment\nabout 1 hour ago\nFirst\nDelete\n≡ƒÿñ Blocked\nTempore ipsa voluptates veniam.\n≡ƒæì 0\nEdit\nDelete\nComments\nAdd a comment:\n≡ƒÿñ Blocked\nEx aut beatae aut.\n≡ƒæì 0\nEdit\nDelete\nComments\nAdd a comment:\n≡ƒÿñ Blocked\nQui et a illo.\n≡ƒæì 0\nEdit\nDelete\nComments\nAdd a comment:\n≡ƒÿè Happy\nAd commodi excepturi labore.\n≡ƒæì 0\nEdit\nDelete\nComments\nAdd a comment:\n≡ƒÄ» Focused\nGreat update!\n≡ƒæì 0\nEdit\nDelete\nComments\nAdd a comment:\nComment\nabout 1 hour ago\nNice post!\nDelete\nComment\nabout 2 hours ago\nSecond comment\nDelete\nComment\nabout 3 hours ago\nFirst comment\nDelete\n≡ƒÿè Happy\nNewest\n≡ƒæì 0\nEdit\nDelete\nComments\nAdd a comment:\n≡ƒÄ» Focused\nOldest\n≡ƒæì 0\nEdit\nDelete\nComments\nAdd a comment:\n≡ƒÿî Calm\nEt officia dolor repudiandae.\n≡ƒæì 6\nEdit\nDelete\nComments\nAdd a comment:\n≡ƒÿî Calm\nUt explicabo facere expedita.\n≡ƒæì 6\nEdit\nDelete\nComments\nAdd a comment:\n≡ƒÿÉ Mystring\nMyText\n≡ƒæì 1\nEdit\nDelete\nComments\nAdd a comment:\nComment\n3 days ago\nMyText\nDelete\n≡ƒÿÉ Mystring\nMyText\n≡ƒæì 1\nEdit\nDelete\nComments\nAdd a comment:"

      [Screenshot Image]: C:/Users/jwhar/Documents/dev/pulseboard/tmp/capybara/failures_r_spec_example_groups_status_updates_liking_a_status_update_increments_the_like_count_705.png 


      # ./spec/system/status_updates_spec.rb:70:in 'block (3 levels) in <main>'

  69) Status Updates Deleting a status update removes the status update from the page
      Failure/Error: click_button 'Delete'

      Capybara::Ambiguous:
        Ambiguous match, found 439 elements matching visible button "Delete" that is not disabled

      [Screenshot Image]: C:/Users/jwhar/Documents/dev/pulseboard/tmp/capybara/failures_r_spec_example_groups_status_updates_deleting_a_status_update_removes_the_status_update_from_the_page_94.png 


      # ./spec/system/status_updates_spec.rb:57:in 'block (4 levels) in <main>'
      # ./spec/system/status_updates_spec.rb:56:in 'block (3 levels) in <main>'

  70) Status Updates Creating a status update displays validation error when body exceeds 280 characters
      Failure/Error: fill_in 'Mood', with: 'focused'

      Capybara::ElementNotFound:
        Unable to find field "Mood" that is not disabled

      [Screenshot Image]: C:/Users/jwhar/Documents/dev/pulseboard/tmp/capybara/failures_r_spec_example_groups_status_updates_creating_a_status_update_displays_validation_error_when_body_exceeds_280_characters_478.png 


      # ./spec/system/status_updates_spec.rb:27:in 'block (3 levels) in <main>'

  71) Status Updates Creating a status update creates a new status update and displays it on the page
      Failure/Error: fill_in 'Mood', with: 'happy'

      Capybara::ElementNotFound:
        Unable to find field "Mood" that is not disabled

      [Screenshot Image]: C:/Users/jwhar/Documents/dev/pulseboard/tmp/capybara/failures_r_spec_example_groups_status_updates_creating_a_status_update_creates_a_new_status_update_and_displays_it_on_the_page_341.png 


      # ./spec/system/status_updates_spec.rb:8:in 'block (3 levels) in <main>'

  72) Status Updates Adding comments to a status update displays validation errors for blank comments
      Failure/Error: format.html { render :new, status: :unprocessable_entity }

      ActionView::MissingTemplate:
        Missing template comments/new, application/new with {locale: [:en], formats: [:html], variants: [], handlers: [:raw, :erb, :html, :builder, :ruby, :jbuilder]}.

        Searched in:
          * "C:/Users/jwhar/Documents/dev/pulseboard/app/views"
          * "C:/Ruby34-x64/lib/ruby/gems/3.4.0/gems/turbo-rails-2.0.20/app/views"
          * "C:/Ruby34-x64/lib/ruby/gems/3.4.0/gems/actiontext-8.1.2/app/views"
          * "C:/Ruby34-x64/lib/ruby/gems/3.4.0/gems/actionmailbox-8.1.2/app/views"

      [Screenshot Image]: C:/Users/jwhar/Documents/dev/pulseboard/tmp/capybara/failures_r_spec_example_groups_status_updates_adding_comments_to_a_status_update_displays_validation_errors_for_blank_comments_369.png 


      # ./app/controllers/comments_controller.rb:21:in 'block (2 levels) in CommentsController#create'
      # ./app/controllers/comments_controller.rb:8:in 'CommentsController#create'
      # ------------------
      # --- Caused by: ---
      # Capybara::ExpectationNotMet:
      #   expected to find text "can't be blank" in "Puma caught this error: Missing template comments/new, application/new with {locale: [:en], formats: [:html], variants: [], handlers: [:raw, :erb, :html, :builder, :ruby, :jbuilder]}.\n\nSearched in:\n  * \"C:/Users/jwhar/Documents/dev/pulseboard/app/views\"\n  * \"C:/Ruby34-x64/lib/ruby/gems/3.4.0/gems/turbo-rails-2.0.20/app/views\"\n  * \"C:/Ruby34-x64/lib/ruby/gems/3.4.0/gems/actiontext-8.1.2/app/views\"\n  * \"C:/Ruby34-x64/lib/ruby/gems/3.4.0/gems/actionmailbox-8.1.2/app/views\"\n (ActionView::MissingTemplate)\nC:/Ruby34-x64/lib/ruby/gems/3.4.0/gems/actionview-8.1.2/lib/action_view/path_set.rb:42:in 'ActionView::PathSet#find'\nC:/Ruby34-x64/lib/ruby/gems/3.4.0/gems/actionview-8.1.2/lib/action_view/lookup_context.rb:131:in 'ActionView::LookupContext::ViewPaths#find'\nC:/Ruby34-x64/lib/ruby/gems/3.4.0/gems/actionview-8.1.2/lib/action_view/renderer/template_renderer.rb:49:in 'ActionView::TemplateRenderer#determine_template'\nC:/Ruby34-x64/lib/ruby/gems/3.4.0/gems/actionview-8.1.2/lib/action_view/renderer/template_renderer.rb:7:in 'ActionView::TemplateRenderer#render'\nC:/Ruby34-x64/lib/ruby/gems/3.4.0/gems/actionview-8.1.2/lib/action_view/renderer/renderer.rb:58:in 'ActionView::Renderer#render_template_to_object'\nC:/Ruby34-x64/lib/ruby/gems/3.4.0/gems/actionview-8.1.2/lib/action_view/renderer/renderer.rb:31:in 'ActionView::Renderer#render_to_object'\nC:/Ruby34-x64/lib/ruby/gems/3.4.0/gems/actionview-8.1.2/lib/action_view/rendering.rb:136:in 'block in ActionView::Rendering#_render_template'\nC:/Ruby34-x64/lib/ruby/gems/3.4.0/gems/actionview-8.1.2/lib/action_view/base.rb:308:in 'ActionView::Base#in_rendering_context'\nC:/Ruby34-x64/lib/ruby/gems/3.4.0/gems/actionview-8.1.2/lib/action_view/rendering.rb:135:in 'ActionView::Rendering#_render_template'\nC:/Ruby34-x64/lib/ruby/gems/3.4.0/gems/actionpack-8.1.2/lib/action_controller/metal/streaming.rb:179:in 'ActionController::Streaming#_render_template'\nC:/Ruby34-x64/lib/ruby/gems/3.4.0/gems/actionview-8.1.2/lib/action_view/rendering.rb:122:in 'ActionView::Rendering#render_to_body'\nC:/Ruby34-x64/lib/ruby/gems/3.4.0/gems/actionpack-8.1.2/lib/action_controller/metal/rendering.rb:192:in 'ActionController::Rendering#render_to_body'\nC:/Ruby34-x64/lib/ruby/gems/3.4.0/gems/actionpack-8.1.2/lib/action_controller/metal/renderers.rb:155:in 'ActionController::Renderers#render_to_body'\nC:/Ruby34-x64/lib/ruby/gems/3.4.0/gems/actionpack-8.1.2/lib/abstract_controller/rendering.rb:28:in 'AbstractController::Rendering#render'\nC:/Ruby34-x64/lib/ruby/gems/3.4.0/gems/actionpack-8.1.2/lib/action_controller/metal/rendering.rb:173:in 'ActionController::Rendering#render'\nC:/Ruby34-x64/lib/ruby/gems/3.4.0/gems/actionpack-8.1.2/lib/action_controller/metal/instrumentation.rb:31:in 'block (2 levels) in ActionController::Instrumentation#render'\nC:/Ruby34-x64/lib/ruby/gems/3.4.0/gems/activesupport-8.1.2/lib/active_support/benchmark.rb:17:in 'ActiveSupport::Benchmark.realtime'\nC:/Ruby34-x64/lib/ruby/gems/3.4.0/gems/actionpack-8.1.2/lib/action_controller/metal/instrumentation.rb:31:in 'block in ActionController::Instrumentation#render'\nC:/Ruby34-x64/lib/ruby/gems/3.4.0/gems/actionpack-8.1.2/lib/action_controller/metal/instrumentation.rb:100:in 'ActionController::Instrumentation#cleanup_view_runtime'\nC:/Ruby34-x64/lib/ruby/gems/3.4.0/gems/activerecord-8.1.2/lib/active_record/railties/controller_runtime.rb:48:in 'ActiveRecord::Railties::ControllerRuntime#cleanup_view_runtime'\nC:/Ruby34-x64/lib/ruby/gems/3.4.0/gems/actionpack-8.1.2/lib/action_controller/metal/instrumentation.rb:30:in 'ActionController::Instrumentation#render'\nC:/Users/jwhar/Documents/dev/pulseboard/app/controllers/comments_controller.rb:21:in 'block (2 levels) in CommentsController#create'\nC:/Ruby34-x64/lib/ruby/gems/3.4.0/gems/actionpack-8.1.2/lib/action_controller/metal/mime_responds.rb:224:in 'ActionController::MimeResponds#respond_to'\nC:/Users/jwhar/Documents/dev/pulseboard/app/controllers/comments_controller.rb:8:in 'CommentsController#create'\nC:/Ruby34-x64/lib/ruby/gems/3.4.0/gems/actionpack-8.1.2/lib/action_controller/metal/basic_implicit_render.rb:8:in 'ActionController::BasicImplicitRender#send_action'\nC:/Ruby34-x64/lib/ruby/gems/3.4.0/gems/actionpack-8.1.2/lib/abstract_controller/base.rb:221:in 'AbstractController::Base#process_action'\nC:/Ruby34-x64/lib/ruby/gems/3.4.0/gems/actionpack-8.1.2/lib/action_controller/metal/rendering.rb:199:in 'ActionController::Rendering#process_action'\nC:/Ruby34-x64/lib/ruby/gems/3.4.0/gems/actionpack-8.1.2/lib/abstract_controller/callbacks.rb:267:in 'block in AbstractController::Callbacks#process_action'\nC:/Ruby34-x64/lib/ruby/gems/3.4.0/gems/activesupport-8.1.2/lib/active_support/callbacks.rb:121:in 'block in ActiveSupport::Callbacks#run_callbacks'\nC:/Ruby34-x64/lib/ruby/gems/3.4.0/gems/turbo-rails-2.0.20/lib/turbo-rails.rb:24:in 'Turbo.with_request_id'\nC:/Ruby34-x64/lib/ruby/gems/3.4.0/gems/turbo-rails-2.0.20/app/controllers/concerns/turbo/request_id_tracking.rb:10:in 'Turbo::RequestIdTracking#turbo_tracking_request_id'\nC:/Ruby34-x64/lib/ruby/gems/3.4.0/gems/activesupport-8.1.2/lib/active_support/callbacks.rb:130:in 'block in ActiveSupport::Callbacks#run_callbacks'\nC:/Ruby34-x64/lib/ruby/gems/3.4.0/gems/actiontext-8.1.2/lib/action_text/rendering.rb:24:in 'ActionText::Rendering::ClassMethods#with_renderer'\nC:/Ruby34-x64/lib/ruby/gems/3.4.0/gems/actiontext-8.1.2/lib/action_text/engine.rb:72:in 'block (4 levels) in <class:Engine>'\nC:/Ruby34-x64/lib/ruby/gems/3.4.0/gems/activesupport-8.1.2/lib/active_support/callbacks.rb:130:in 'BasicObject#instance_exec'\nC:/Ruby34-x64/lib/ruby/gems/3.4.0/gems/activesupport-8.1.2/lib/active_support/callbacks.rb:130:in 'block in ActiveSupport::Callbacks#run_callbacks'\nC:/Ruby34-x64/lib/ruby/gems/3.4.0/gems/activesupport-8.1.2/lib/active_support/callbacks.rb:141:in 'ActiveSupport::Callbacks#run_callbacks'\nC:/Ruby34-x64/lib/ruby/gems/3.4.0/gems/actionpack-8.1.2/lib/abstract_controller/callbacks.rb:266:in 'AbstractController::Callbacks#process_action'\nC:/Ruby34-x64/lib/ruby/gems/3.4.0/gems/actionpack-8.1.2/lib/action_controller/metal/rescue.rb:36:in 'ActionController::Rescue#process_action'\nC:/Ruby34-x64/lib/ruby/gems/3.4.0/gems/actionpack-8.1.2/lib/action_controller/metal/instrumentation.rb:76:in 'block in ActionController::Instrumentation#process_action'\nC:/Ruby34-x64/lib/ruby/gems/3.4.0/gems/activesupport-8.1.2/lib/active_support/notifications.rb:210:in 'block in ActiveSupport::Notifications.instrument'\nC:/Ruby34-x64/lib/ruby/gems/3.4.0/gems/activesupport-8.1.2/lib/active_support/notifications/instrumenter.rb:58:in 'ActiveSupport::Notifications::Instrumenter#instrument'\nC:/Ruby34-x64/lib/ruby/gems/3.4.0/gems/activesupport-8.1.2/lib/active_support/notifications.rb:210:in 'ActiveSupport::Notifications.instrument'\nC:/Ruby34-x64/lib/ruby/gems/3.4.0/gems/actionpack-8.1.2/lib/action_controller/metal/instrumentation.rb:75:in 'ActionController::Instrumentation#process_action'\nC:/Ruby34-x64/lib/ruby/gems/3.4.0/gems/actionpack-8.1.2/lib/action_controller/metal/params_wrapper.rb:259:in 'ActionController::ParamsWrapper#process_action'\nC:/Ruby34-x64/lib/ruby/gems/3.4.0/gems/activerecord-8.1.2/lib/active_record/railties/controller_runtime.rb:39:in 'ActiveRecord::Railties::ControllerRuntime#process_action'\nC:/Ruby34-x64/lib/ruby/gems/3.4.0/gems/actionpack-8.1.2/lib/abstract_controller/base.rb:154:in 'AbstractController::Base#process'\nC:/Ruby34-x64/lib/ruby/gems/3.4.0/gems/actionview-8.1.2/lib/action_view/rendering.rb:40:in 'ActionView::Rendering#process'\nC:/Ruby34-x64/lib/ruby/gems/3.4.0/gems/actionpack-8.1.2/lib/action_controller/metal.rb:252:in 'ActionController::Metal#dispatch'\nC:/Ruby34-x64/lib/ruby/gems/3.4.0/gems/actionpack-8.1.2/lib/action_controller/metal.rb:335:in 'ActionController::Metal.dispatch'\nC:/Ruby34-x64/lib/ruby/gems/3.4.0/gems/actionpack-8.1.2/lib/action_dispatch/routing/route_set.rb:65:in 'ActionDispatch::Routing::RouteSet::Dispatcher#dispatch'\nC:/Ruby34-x64/lib/ruby/gems/3.4.0/gems/actionpack-8.1.2/lib/action_dispatch/routing/route_set.rb:50:in 'ActionDispatch::Routing::RouteSet::Dispatcher#serve'\nC:/Ruby34-x64/lib/ruby/gems/3.4.0/gems/actionpack-8.1.2/lib/action_dispatch/journey/router.rb:35:in 'block in ActionDispatch::Journey::Router#serve'\nC:/Ruby34-x64/lib/ruby/gems/3.4.0/gems/actionpack-8.1.2/lib/action_dispatch/journey/router.rb:86:in 'block in ActionDispatch::Journey::Router#recognize'\nC:/Ruby34-x64/lib/ruby/gems/3.4.0/gems/actionpack-8.1.2/lib/action_dispatch/journey/router.rb:66:in 'Array#each'\nC:/Ruby34-x64/lib/ruby/gems/3.4.0/gems/actionpack-8.1.2/lib/action_dispatch/journey/router.rb:66:in 'ActionDispatch::Journey::Router#recognize'\nC:/Ruby34-x64/lib/ruby/gems/3.4.0/gems/actionpack-8.1.2/lib/action_dispatch/journey/router.rb:31:in 'ActionDispatch::Journey::Router#serve'\nC:/Ruby34-x64/lib/ruby/gems/3.4.0/gems/actionpack-8.1.2/lib/action_dispatch/routing/route_set.rb:906:in 'ActionDispatch::Routing::RouteSet#call'\nC:/Ruby34-x64/lib/ruby/gems/3.4.0/gems/railties-8.1.2/lib/rails/engine/lazy_route_set.rb:60:in 'Rails::Engine::LazyRouteSet#call'\nC:/Ruby34-x64/lib/ruby/gems/3.4.0/gems/rack-3.2.4/lib/rack/tempfile_reaper.rb:20:in 'Rack::TempfileReaper#call'\nC:/Ruby34-x64/lib/ruby/gems/3.4.0/gems/rack-3.2.4/lib/rack/etag.rb:29:in 'Rack::ETag#call'\nC:/Ruby34-x64/lib/ruby/gems/3.4.0/gems/rack-3.2.4/lib/rack/conditional_get.rb:44:in 'Rack::ConditionalGet#call'\nC:/Ruby34-x64/lib/ruby/gems/3.4.0/gems/rack-3.2.4/lib/rack/head.rb:15:in 'Rack::Head#call'\nC:/Ruby34-x64/lib/ruby/gems/3.4.0/gems/actionpack-8.1.2/lib/action_dispatch/http/content_security_policy.rb:38:in 'ActionDispatch::ContentSecurityPolicy::Middleware#call'\nC:/Ruby34-x64/lib/ruby/gems/3.4.0/gems/rack-session-2.1.1/lib/rack/session/abstract/id.rb:274:in 'Rack::Session::Abstract::Persisted#context'\nC:/Ruby34-x64/lib/ruby/gems/3.4.0/gems/rack-session-2.1.1/lib/rack/session/abstract/id.rb:268:in 'Rack::Session::Abstract::Persisted#call'\nC:/Ruby34-x64/lib/ruby/gems/3.4.0/gems/actionpack-8.1.2/lib/action_dispatch/middleware/cookies.rb:708:in 'ActionDispatch::Cookies#call'\nC:/Ruby34-x64/lib/ruby/gems/3.4.0/gems/actionpack-8.1.2/lib/action_dispatch/middleware/callbacks.rb:31:in 'block in ActionDispatch::Callbacks#call'\nC:/Ruby34-x64/lib/ruby/gems/3.4.0/gems/activesupport-8.1.2/lib/active_support/callbacks.rb:101:in 'ActiveSupport::Callbacks#run_callbacks'\nC:/Ruby34-x64/lib/ruby/gems/3.4.0/gems/actionpack-8.1.2/lib/action_dispatch/middleware/callbacks.rb:30:in 'ActionDispatch::Callbacks#call'\nC:/Ruby34-x64/lib/ruby/gems/3.4.0/gems/actionpack-8.1.2/lib/action_dispatch/middleware/actionable_exceptions.rb:18:in 'ActionDispatch::ActionableExceptions#call'\nC:/Ruby34-x64/lib/ruby/gems/3.4.0/gems/actionpack-8.1.2/lib/action_dispatch/middleware/debug_exceptions.rb:31:in 'ActionDispatch::DebugExceptions#call'\nC:/Ruby34-x64/lib/ruby/gems/3.4.0/gems/actionpack-8.1.2/lib/action_dispatch/middleware/show_exceptions.rb:32:in 'ActionDispatch::ShowExceptions#call'\nC:/Ruby34-x64/lib/ruby/gems/3.4.0/gems/railties-8.1.2/lib/rails/rack/logger.rb:41:in 'Rails::Rack::Logger#call_app'\nC:/Ruby34-x64/lib/ruby/gems/3.4.0/gems/railties-8.1.2/lib/rails/rack/logger.rb:29:in 'Rails::Rack::Logger#call'\nC:/Ruby34-x64/lib/ruby/gems/3.4.0/gems/actionpack-8.1.2/lib/action_dispatch/middleware/remote_ip.rb:98:in 'ActionDispatch::RemoteIp#call'\nC:/Ruby34-x64/lib/ruby/gems/3.4.0/gems/actionpack-8.1.2/lib/action_dispatch/middleware/request_id.rb:34:in 'ActionDispatch::RequestId#call'\nC:/Ruby34-x64/lib/ruby/gems/3.4.0/gems/rack-3.2.4/lib/rack/method_override.rb:28:in 'Rack::MethodOverride#call'\nC:/Ruby34-x64/lib/ruby/gems/3.4.0/gems/rack-3.2.4/lib/rack/runtime.rb:24:in 'Rack::Runtime#call'\nC:/Ruby34-x64/lib/ruby/gems/3.4.0/gems/activesupport-8.1.2/lib/active_support/cache/strategy/local_cache_middleware.rb:30:in 'ActiveSupport::Cache::Strategy::LocalCache::Middleware#call'\nC:/Ruby34-x64/lib/ruby/gems/3.4.0/gems/actionpack-8.1.2/lib/action_dispatch/middleware/executor.rb:20:in 'ActionDispatch::Executor#call'\nC:/Ruby34-x64/lib/ruby/gems/3.4.0/gems/propshaft-1.3.1/lib/propshaft/server.rb:37:in 'Propshaft::Server#call'\nC:/Ruby34-x64/lib/ruby/gems/3.4.0/gems/actionpack-8.1.2/lib/action_dispatch/middleware/static.rb:27:in 'ActionDispatch::Static#call'\nC:/Ruby34-x64/lib/ruby/gems/3.4.0/gems/rack-3.2.4/lib/rack/sendfile.rb:131:in 'Rack::Sendfile#call'\nC:/Ruby34-x64/lib/ruby/gems/3.4.0/gems/railties-8.1.2/lib/rails/engine.rb:534:in 'Rails::Engine#call'\nC:/Ruby34-x64/lib/ruby/gems/3.4.0/gems/rack-3.2.4/lib/rack/urlmap.rb:76:in 'block in Rack::URLMap#call'\nC:/Ruby34-x64/lib/ruby/gems/3.4.0/gems/rack-3.2.4/lib/rack/urlmap.rb:60:in 'Array#each'\nC:/Ruby34-x64/lib/ruby/gems/3.4.0/gems/rack-3.2.4/lib/rack/urlmap.rb:60:in 'Rack::URLMap#call'\nC:/Ruby34-x64/lib/ruby/gems/3.4.0/gems/rack-3.2.4/lib/rack/builder.rb:283:in 'Rack::Builder#call'\nC:/Ruby34-x64/lib/ruby/gems/3.4.0/gems/capybara-3.40.0/lib/capybara/server/middleware.rb:60:in 'Capybara::Server::Middleware#call'\nC:/Ruby34-x64/lib/ruby/gems/3.4.0/gems/puma-7.1.0/lib/puma/configuration.rb:300:in 'Puma::Configuration::ConfigMiddleware#call'\nC:/Ruby34-x64/lib/ruby/gems/3.4.0/gems/puma-7.1.0/lib/puma/request.rb:101:in 'block in Puma::Request#handle_request'\nC:/Ruby34-x64/lib/ruby/gems/3.4.0/gems/puma-7.1.0/lib/puma/thread_pool.rb:355:in 'Puma::ThreadPool#with_force_shutdown'\nC:/Ruby34-x64/lib/ruby/gems/3.4.0/gems/puma-7.1.0/lib/puma/request.rb:100:in 'Puma::Request#handle_request'\nC:/Ruby34-x64/lib/ruby/gems/3.4.0/gems/puma-7.1.0/lib/puma/server.rb:503:in 'Puma::Server#process_client'\nC:/Ruby34-x64/lib/ruby/gems/3.4.0/gems/puma-7.1.0/lib/puma/server.rb:262:in 'block in Puma::Server#run'\nC:/Ruby34-x64/lib/ruby/gems/3.4.0/gems/puma-7.1.0/lib/puma/thread_pool.rb:182:in 'block in Puma::ThreadPool#spawn_thread'"
      #   ./spec/system/status_updates_spec.rb:98:in 'block (3 levels) in <main>'

  73) Status Updates Adding comments to a status update displays comments in reverse chronological order
      Failure/Error: expect(comments.last).to include('First comment')
        expected "MyText" to include "First comment"

      [Screenshot Image]: C:/Users/jwhar/Documents/dev/pulseboard/tmp/capybara/failures_r_spec_example_groups_status_updates_adding_comments_to_a_status_update_displays_comments_in_reverse_chronological_order_623.png 


      # ./spec/system/status_updates_spec.rb:109:in 'block (3 levels) in <main>'

  74) Status Updates Deleting a comment removes the comment from the page
      Failure/Error:
        accept_confirm do
          within first('.comment') do
            click_button 'Delete'
          end
        end

      Capybara::ModalNotFound:
        Unable to find modal dialog

      [Screenshot Image]: C:/Users/jwhar/Documents/dev/pulseboard/tmp/capybara/failures_r_spec_example_groups_status_updates_deleting_a_comment_removes_the_comment_from_the_page_592.png 


      # ./spec/system/status_updates_spec.rb:120:in 'block (3 levels) in <main>'
      # ------------------
      # --- Caused by: ---
      # Selenium::WebDriver::Error::TimeoutError:
      #   timed out after 2 seconds (no such alert
      #     (Session info: chrome=143.0.7499.193))
      #   ./spec/system/status_updates_spec.rb:120:in 'block (3 levels) in <main>'

Finished in 43.9 seconds (files took 4.67 seconds to load)
116 examples, 74 failures

Failed examples:

rspec ./spec/system/timeline_spec.rb:147 # Timeline System Tests Timeline item expand/collapse (Stimulus) shows details when item is expanded
rspec ./spec/system/timeline_spec.rb:161 # Timeline System Tests Timeline item expand/collapse (Stimulus) collapses item when clicked again
rspec ./spec/system/timeline_spec.rb:178 # Timeline System Tests Timeline item expand/collapse (Stimulus) arrow indicator rotates on expand/collapse
rspec ./spec/system/timeline_spec.rb:215 # Timeline System Tests Timeline item expand/collapse (Stimulus) preserves expanded state when Turbo updates
rspec ./spec/system/timeline_spec.rb:139 # Timeline System Tests Timeline item expand/collapse (Stimulus) shows expandable items with summaries
rspec ./spec/system/timeline_spec.rb:132 # Timeline System Tests Timeline item expand/collapse (Stimulus) timeline items are rendered
rspec ./spec/system/timeline_spec.rb:196 # Timeline System Tests Timeline item expand/collapse (Stimulus) only affects clicked item, not others
rspec ./spec/system/timeline_spec.rb:330 # Timeline System Tests Accessibility timeline has proper ARIA labels
rspec ./spec/system/timeline_spec.rb:350 # Timeline System Tests Accessibility timestamp text is readable
rspec ./spec/system/timeline_spec.rb:337 # Timeline System Tests Accessibility expand/collapse is keyboard accessible
rspec ./spec/system/timeline_spec.rb:235 # Timeline System Tests Real-world scenarios user journey: application submission to approval
rspec ./spec/system/timeline_spec.rb:291 # Timeline System Tests Real-world scenarios handles applications with many status changes
rspec ./spec/system/timeline_spec.rb:41 # Timeline System Tests Viewing a status update timeline with no changes shows an empty timeline
rspec ./spec/system/timeline_spec.rb:35 # Timeline System Tests Viewing a status update timeline with no changes shows the status update detail page
rspec ./spec/system/timeline_spec.rb:81 # Timeline System Tests Viewing a status update timeline with status changes displays changes in chronological order
rspec ./spec/system/timeline_spec.rb:107 # Timeline System Tests Viewing a status update timeline with status changes has proper semantic HTML
rspec ./spec/system/timeline_spec.rb:100 # Timeline System Tests Viewing a status update timeline with status changes displays reasons when provided
rspec ./spec/system/timeline_spec.rb:92 # Timeline System Tests Viewing a status update timeline with status changes displays timestamps for each change
rspec ./spec/system/timeline_spec.rb:72 # Timeline System Tests Viewing a status update timeline with status changes displays all status changes
rspec ./spec/requests/api_v1_timeline_spec.rb:206 # Timeline API Response format consistency returns array in data, not nested object
rspec ./spec/requests/api_v1_timeline_spec.rb:198 # Timeline API Response format consistency uses data envelope pattern (consistent with other API endpoints)
rspec ./spec/requests/api_v1_timeline_spec.rb:229 # Timeline API Timestamp formatting includes timezone information
rspec ./spec/requests/api_v1_timeline_spec.rb:219 # Timeline API Timestamp formatting returns changed_at in ISO8601 format
rspec ./spec/requests/api_v1_timeline_spec.rb:239 # Timeline API Timestamp formatting matches the actual created_at time
rspec ./spec/requests/api_v1_timeline_spec.rb:167 # Timeline API GET /api/v1/status_updates/:id/timeline with an invalid status_update id returns 404 Not Found
rspec ./spec/requests/api_v1_timeline_spec.rb:172 # Timeline API GET /api/v1/status_updates/:id/timeline with an invalid status_update id returns error response
rspec ./spec/requests/api_v1_timeline_spec.rb:179 # Timeline API GET /api/v1/status_updates/:id/timeline with an invalid status_update id includes error code
rspec ./spec/requests/api_v1_timeline_spec.rb:186 # Timeline API GET /api/v1/status_updates/:id/timeline with an invalid status_update id includes error message
rspec ./spec/requests/api_v1_timeline_spec.rb:34 # Timeline API GET /api/v1/status_updates/:id/timeline with a valid status_update returns JSON response
rspec ./spec/requests/api_v1_timeline_spec.rb:29 # Timeline API GET /api/v1/status_updates/:id/timeline with a valid status_update returns 200 OK
rspec ./spec/requests/api_v1_timeline_spec.rb:39 # Timeline API GET /api/v1/status_updates/:id/timeline with a valid status_update returns data envelope with changes array
rspec ./spec/requests/api_v1_timeline_spec.rb:48 # Timeline API GET /api/v1/status_updates/:id/timeline with a valid status_update when status_update has no changes returns empty data array
rspec ./spec/requests/api_v1_timeline_spec.rb:124 # Timeline API GET /api/v1/status_updates/:id/timeline with a valid status_update when status_update has changes humanizes status labels (submitted -> Submitted)
rspec ./spec/requests/api_v1_timeline_spec.rb:115 # Timeline API GET /api/v1/status_updates/:id/timeline with a valid status_update when status_update has changes includes status_display with humanized labels
rspec ./spec/requests/api_v1_timeline_spec.rb:132 # Timeline API GET /api/v1/status_updates/:id/timeline with a valid status_update when status_update has changes handles multi-word statuses (in_review -> In Review)
rspec ./spec/requests/api_v1_timeline_spec.rb:79 # Timeline API GET /api/v1/status_updates/:id/timeline with a valid status_update when status_update has changes returns changes in chronological order (oldest first)
rspec ./spec/requests/api_v1_timeline_spec.rb:72 # Timeline API GET /api/v1/status_updates/:id/timeline with a valid status_update when status_update has changes returns all changes for the status_update
rspec ./spec/requests/api_v1_timeline_spec.rb:101 # Timeline API GET /api/v1/status_updates/:id/timeline with a valid status_update when status_update has changes includes to_status
rspec ./spec/requests/api_v1_timeline_spec.rb:108 # Timeline API GET /api/v1/status_updates/:id/timeline with a valid status_update when status_update has changes includes changed_at timestamp
rspec ./spec/requests/api_v1_timeline_spec.rb:87 # Timeline API GET /api/v1/status_updates/:id/timeline with a valid status_update when status_update has changes includes change id
rspec ./spec/requests/api_v1_timeline_spec.rb:94 # Timeline API GET /api/v1/status_updates/:id/timeline with a valid status_update when status_update has changes includes from_status
rspec ./spec/requests/api_v1_timeline_spec.rb:139 # Timeline API GET /api/v1/status_updates/:id/timeline with a valid status_update when status_update has changes includes reason when present
rspec ./spec/requests/api_v1_timeline_spec.rb:155 # Timeline API GET /api/v1/status_updates/:id/timeline with a valid status_update when status_update has changes includes null reason when not present
rspec ./spec/models/status_change_spec.rb:176 # StatusChange scopes .recent_first is useful for dashboards showing latest activity
rspec ./spec/models/status_change_spec.rb:171 # StatusChange scopes .recent_first returns changes in descending order (newest first)
rspec ./spec/models/status_change_spec.rb:163 # StatusChange scopes .ordered is useful for displaying timeline chronologically
rspec ./spec/models/status_change_spec.rb:158 # StatusChange scopes .ordered returns changes in ascending order (oldest first)
rspec ./spec/models/status_change_spec.rb:18 # StatusChange associations 
rspec ./spec/models/status_change_spec.rb:20 # StatusChange associations is destroyed when status_update is destroyed
rspec ./spec/models/status_change_spec.rb:187 # StatusChange integration with StatusUpdate is created when status_update is updated
rspec ./spec/models/status_change_spec.rb:215 # StatusChange integration with StatusUpdate cascades delete when status_update is destroyed
rspec ./spec/models/status_change_spec.rb:197 # StatusChange integration with StatusUpdate records the from and to values from the update
rspec ./spec/models/status_change_spec.rb:207 # StatusChange integration with StatusUpdate allows querying all changes for a status_update
rspec ./spec/models/status_change_spec.rb:136 # StatusChange.log! factory method records the timestamp
rspec ./spec/models/status_change_spec.rb:112 # StatusChange.log! factory method associates with the provided status_update
rspec ./spec/models/status_change_spec.rb:107 # StatusChange.log! factory method sets the to_status correctly
rspec ./spec/models/status_change_spec.rb:102 # StatusChange.log! factory method sets the from_status correctly
rspec ./spec/models/status_change_spec.rb:127 # StatusChange.log! factory method allows reason to be nil
rspec ./spec/models/status_change_spec.rb:117 # StatusChange.log! factory method allows optional reason parameter
rspec ./spec/models/status_change_spec.rb:96 # StatusChange.log! factory method creates a new StatusChange record
rspec ./spec/models/status_change_spec.rb:67 # StatusChange validations from_status rejects from_status that is not in STATUSES
rspec ./spec/models/status_change_spec.rb:62 # StatusChange validations from_status allows from_status to be in STATUSES
rspec ./spec/models/status_change_spec.rb:57 # StatusChange validations from_status allows from_status to be nil (initial status)
rspec ./spec/models/status_change_spec.rb:35 # StatusChange validations to_status requires to_status to be present
rspec ./spec/models/status_change_spec.rb:41 # StatusChange validations to_status requires to_status to be in STATUSES constant
rspec ./spec/models/status_change_spec.rb:47 # StatusChange validations to_status accepts valid STATUSES values
rspec ./spec/system/status_updates_spec.rb:38 # Status Updates Editing a status update updates the status update with new content
rspec ./spec/system/status_updates_spec.rb:67 # Status Updates Liking a status update increments the like count
rspec ./spec/system/status_updates_spec.rb:53 # Status Updates Deleting a status update removes the status update from the page
rspec ./spec/system/status_updates_spec.rb:24 # Status Updates Creating a status update displays validation error when body exceeds 280 characters
rspec ./spec/system/status_updates_spec.rb:5 # Status Updates Creating a status update creates a new status update and displays it on the page
rspec ./spec/system/status_updates_spec.rb:91 # Status Updates Adding comments to a status update displays validation errors for blank comments
rspec ./spec/system/status_updates_spec.rb:101 # Status Updates Adding comments to a status update displays comments in reverse chronological order
rspec ./spec/system/status_updates_spec.rb:117 # Status Updates Deleting a comment removes the comment from the page

Randomized with seed 29786

